sheet relations: 30
honest_y1_p1_p1 sheet+fill: index 1
honest_y1_p1_p1 sheet+Wrows+fill: index 1
honest_y1_p1_p1 sheet+Wrows+fill+[B,M]: index 1
honest_y1_p1_m1 sheet+fill: index 1
honest_y1_p1_m1 sheet+Wrows+fill: index 1
honest_y1_p1_m1 sheet+Wrows+fill+[B,M]: index 1
honest_y1_m1_p1 sheet+fill: index 1
honest_y1_m1_p1 sheet+Wrows+fill: index 1
honest_y1_m1_p1 sheet+Wrows+fill+[B,M]: index 1
honest_y1_m1_m1 sheet+fill: index 1
honest_y1_m1_m1 sheet+Wrows+fill: index 1
honest_y1_m1_m1 sheet+Wrows+fill+[B,M]: index 1
honest_y2_p1_p1 sheet+fill: index 1
honest_y2_p1_p1 sheet+Wrows+fill: index 1
honest_y2_p1_p1 sheet+Wrows+fill+[B,M]: index 1
honest_y2_p1_m1 sheet+fill: index 1
honest_y2_p1_m1 sheet+Wrows+fill: index 1
honest_y2_p1_m1 sheet+Wrows+fill+[B,M]: index 1
honest_y2_m1_p1 sheet+fill: index 1
honest_y2_m1_p1 sheet+Wrows+fill: index 1
honest_y2_m1_p1 sheet+Wrows+fill+[B,M]: index 1
honest_y2_m1_m1 sheet+fill: index 1
honest_y2_m1_m1 sheet+Wrows+fill: index 1
honest_y2_m1_m1 sheet+Wrows+fill+[B,M]: index 1
