index 2  H1(U) = 
[ 0, 0, 0 ]  M trivial in H1(U)? true  [B,M] trivial? true  N trivial? true
index 3  H1(U) = 
[ 0, 0, 0, 0 ]  M trivial in H1(U)? true  [B,M] trivial? true  N trivial? true
index 4  H1(U) = [ 0, 0, 0, 0, 0 
 ]  M trivial in H1(U)? true  [B,M] trivial? true  N trivial? true
index 5  H1(U) = [ 0, 0, 0, 0, 0, 0 
 ]  M trivial in H1(U)? true  [B,M] trivial? true  N trivial? true
index 5  H1(U) = [ 0, 0, 0, 0, 0, 0 
 ]  M trivial in H1(U)? true  [B,M] trivial? true  N trivial? true
index 5  H1(U) = [ 0, 0, 0, 0, 0, 0 
 ]  M trivial in H1(U)? true  [B,M] trivial? true  N trivial? true
index 4  H1(U) = [ 0, 0, 0, 0, 0 
 ]  M trivial in H1(U)? true  [B,M] trivial? true  N trivial? true
index 5  H1(U) = [ 0, 0, 0, 0, 0, 0 
 ]  M trivial in H1(U)? true  [B,M] trivial? true  N trivial? true
index 5  H1(U) = [ 0, 0, 0, 0, 0, 0 
 ]  M trivial in H1(U)? true  [B,M] trivial? true  N trivial? true
index 5  H1(U) = [ 0, 0, 0, 0, 0, 0 
 ]  M trivial in H1(U)? true  [B,M] trivial? true  N trivial? true
index 4  H1(U) = [ 0, 0, 0, 0, 0 
 ]  M trivial in H1(U)? true  [B,M] trivial? true  N trivial? true
index 5  H1(U) = [ 0, 0, 0, 0, 0, 0 
 ]  M trivial in H1(U)? true  [B,M] trivial? true  N trivial? true
index 5  H1(U) = [ 0, 0, 0, 0, 0, 0 
 ]  M trivial in H1(U)? true  [B,M] trivial? true  N trivial? true
index 5  H1(U) = [ 0, 0, 0, 0, 0, 0 
 ]  M trivial in H1(U)? true  [B,M] trivial? true  N trivial? true
index 5  H1(U) = [ 0, 0, 0, 0, 0, 0 
 ]  M trivial in H1(U)? true  [B,M] trivial? true  N trivial? true
index 5  H1(U) = [ 0, 0, 0, 0, 0, 0 
 ]  M trivial in H1(U)? true  [B,M] trivial? true  N trivial? true
index 3  H1(U) = 
[ 0, 0, 0, 0 ]  M trivial in H1(U)? true  [B,M] trivial? true  N trivial? true
index 4  H1(U) = [ 0, 0, 0, 0, 0, 3 
 ]  M trivial in H1(U)? true  [B,M] trivial? true  N trivial? true
index 5  H1(U) = [ 0, 0, 0, 0, 0, 0 
 ]  M trivial in H1(U)? true  [B,M] trivial? true  N trivial? true
index 5  H1(U) = [ 0, 0, 0, 0, 0, 0 
 ]  M trivial in H1(U)? true  [B,M] trivial? true  N trivial? true
index 4  H1(U) = [ 0, 0, 0, 0, 0 
 ]  M trivial in H1(U)? true  [B,M] trivial? true  N trivial? true
index 5  H1(U) = [ 0, 0, 0, 0, 0, 0 
 ]  M trivial in H1(U)? true  [B,M] trivial? true  N trivial? true
index 5  H1(U) = [ 0, 0, 0, 0, 0, 0 
 ]  M trivial in H1(U)? true  [B,M] trivial? true  N trivial? true
index 5  H1(U) = [ 0, 0, 0, 0, 0, 0 
 ]  M trivial in H1(U)? true  [B,M] trivial? true  N trivial? true
index 4  H1(U) = [ 0, 0, 0, 0, 0 
 ]  M trivial in H1(U)? true  [B,M] trivial? true  N trivial? true
index 5  H1(U) = [ 0, 0, 0, 0, 0, 0 
 ]  M trivial in H1(U)? true  [B,M] trivial? true  N trivial? true
index 5  H1(U) = [ 0, 0, 0, 0, 0, 0 
 ]  M trivial in H1(U)? true  [B,M] trivial? true  N trivial? true
index 5  H1(U) = [ 0, 0, 0, 0, 0, 0 
 ]  M trivial in H1(U)? true  [B,M] trivial? true  N trivial? true
index 5  H1(U) = [ 0, 0, 0, 0, 0, 0 
 ]  M trivial in H1(U)? true  [B,M] trivial? true  N trivial? true
index 5  H1(U) = [ 0, 0, 0, 0, 0, 0 
 ]  M trivial in H1(U)? true  [B,M] trivial? true  N trivial? true
index 5  H1(U) = [ 0, 0, 0, 0, 0, 0 
 ]  M trivial in H1(U)? true  [B,M] trivial? true  N trivial? true
index 3  H1(U) = 
[ 0, 0, 0, 0 ]  M trivial in H1(U)? true  [B,M] trivial? true  N trivial? true
index 5  H1(U) = [ 0, 0, 0, 0, 0, 0 
 ]  M trivial in H1(U)? true  [B,M] trivial? true  N trivial? true
index 5  H1(U) = [ 0, 0, 0, 0, 0, 0 
 ]  M trivial in H1(U)? true  [B,M] trivial? true  N trivial? true
index 4  H1(U) = [ 0, 0, 0, 0, 0 
 ]  M trivial in H1(U)? true  [B,M] trivial? true  N trivial? true
index 5  H1(U) = [ 0, 0, 0, 0, 0, 0 
 ]  M trivial in H1(U)? true  [B,M] trivial? true  N trivial? true
index 5  H1(U) = [ 0, 0, 0, 0, 0, 0 
 ]  M trivial in H1(U)? true  [B,M] trivial? true  N trivial? true
index 4  H1(U) = [ 0, 0, 0, 0, 0 
 ]  M trivial in H1(U)? true  [B,M] trivial? true  N trivial? true
index 5  H1(U) = [ 0, 0, 0, 0, 0, 0 
 ]  M trivial in H1(U)? true  [B,M] trivial? true  N trivial? true
index 5  H1(U) = [ 0, 0, 0, 0, 0, 0 
 ]  M trivial in H1(U)? true  [B,M] trivial? true  N trivial? true
index 5  H1(U) = [ 0, 0, 0, 0, 0, 0 
 ]  M trivial in H1(U)? true  [B,M] trivial? true  N trivial? true
index 5  H1(U) = [ 0, 0, 0, 0, 0, 0 
 ]  M trivial in H1(U)? true  [B,M] trivial? true  N trivial? true
index 5  H1(U) = [ 0, 0, 0, 0, 0, 0 
 ]  M trivial in H1(U)? true  [B,M] trivial? true  N trivial? true
index 4  H1(U) = [ 0, 0, 0, 0, 0 
 ]  M trivial in H1(U)? true  [B,M] trivial? true  N trivial? true
index 5  H1(U) = [ 0, 0, 0, 0, 0, 0 
 ]  M trivial in H1(U)? true  [B,M] trivial? true  N trivial? true
index 5  H1(U) = [ 0, 0, 0, 0, 0, 0 
 ]  M trivial in H1(U)? true  [B,M] trivial? true  N trivial? true
index 5  H1(U) = [ 0, 0, 0, 0, 0, 0 
 ]  M trivial in H1(U)? true  [B,M] trivial? true  N trivial? true
index 5  H1(U) = [ 0, 0, 0, 0, 0, 0 
 ]  M trivial in H1(U)? true  [B,M] trivial? true  N trivial? true
index 5  H1(U) = [ 0, 0, 0, 0, 0, 0 
 ]  M trivial in H1(U)? true  [B,M] trivial? true  N trivial? true
index 5  H1(U) = [ 0, 0, 0, 0, 0, 0 
 ]  M trivial in H1(U)? true  [B,M] trivial? true  N trivial? true
index 4  H1(U) = [ 0, 0, 0, 0, 0 
 ]  M trivial in H1(U)? true  [B,M] trivial? true  N trivial? true
index 5  H1(U) = [ 0, 0, 0, 0, 0, 0 
 ]  M trivial in H1(U)? true  [B,M] trivial? true  N trivial? true
index 5  H1(U) = [ 0, 0, 0, 0, 0, 0 
 ]  M trivial in H1(U)? true  [B,M] trivial? true  N trivial? true
index 5  H1(U) = [ 0, 0, 0, 0, 0, 0 
 ]  M trivial in H1(U)? true  [B,M] trivial? true  N trivial? true
index 4  H1(U) = [ 0, 0, 0, 0, 0 
 ]  M trivial in H1(U)? true  [B,M] trivial? true  N trivial? true
index 5  H1(U) = [ 0, 0, 0, 0, 0, 0 
 ]  M trivial in H1(U)? true  [B,M] trivial? true  N trivial? true
index 5  H1(U) = [ 0, 0, 0, 0, 0, 0 
 ]  M trivial in H1(U)? true  [B,M] trivial? true  N trivial? true
index 5  H1(U) = [ 0, 0, 0, 0, 0, 0 
 ]  M trivial in H1(U)? true  [B,M] trivial? true  N trivial? true
index 5  H1(U) = [ 0, 0, 0, 0, 0, 0 
 ]  M trivial in H1(U)? true  [B,M] trivial? true  N trivial? true
index 5  H1(U) = [ 0, 0, 0, 0, 0, 0 
 ]  M trivial in H1(U)? true  [B,M] trivial? true  N trivial? true
index 5  H1(U) = [ 0, 0, 0, 0, 0, 0 
 ]  M trivial in H1(U)? true  [B,M] trivial? true  N trivial? true
index 5  H1(U) = [ 0, 0, 0, 0, 0, 0 
 ]  M trivial in H1(U)? true  [B,M] trivial? true  N trivial? true
index 5  H1(U) = [ 0, 0, 0, 0, 0, 0 
 ]  M trivial in H1(U)? true  [B,M] trivial? true  N trivial? true
index 5  H1(U) = [ 0, 0, 0, 0, 0, 0 
 ]  M trivial in H1(U)? true  [B,M] trivial? true  N trivial? true
index 5  H1(U) = [ 0, 0, 0, 0, 0, 0 
 ]  M trivial in H1(U)? true  [B,M] trivial? true  N trivial? true
index 5  H1(U) = [ 0, 0, 0, 0, 0, 0 
 ]  M trivial in H1(U)? true  [B,M] trivial? true  N trivial? true
index 5  H1(U) = 
[ 0, 0 ]  M trivial in H1(U)? true  [B,M] trivial? true  N trivial? true
index 2  H1(U) = 
[ 0, 0, 0 ]  M trivial in H1(U)? true  [B,M] trivial? true  N trivial? true
index 4  H1(U) = [ 0, 0, 0, 0, 0, 3 
 ]  M trivial in H1(U)? true  [B,M] trivial? true  N trivial? true
index 5  H1(U) = [ 0, 0, 0, 0, 0, 0 
 ]  M trivial in H1(U)? true  [B,M] trivial? true  N trivial? true
index 5  H1(U) = [ 0, 0, 0, 0, 0, 0 
 ]  M trivial in H1(U)? true  [B,M] trivial? true  N trivial? true
index 4  H1(U) = [ 0, 0, 0, 0, 0 
 ]  M trivial in H1(U)? true  [B,M] trivial? true  N trivial? true
index 5  H1(U) = [ 0, 0, 0, 0, 0, 0 
 ]  M trivial in H1(U)? true  [B,M] trivial? true  N trivial? true
index 5  H1(U) = [ 0, 0, 0, 0, 0, 0 
 ]  M trivial in H1(U)? true  [B,M] trivial? true  N trivial? true
index 5  H1(U) = [ 0, 0, 0, 0, 0, 0 
 ]  M trivial in H1(U)? true  [B,M] trivial? true  N trivial? true
index 5  H1(U) = [ 0, 0, 0, 0, 0, 0 
 ]  M trivial in H1(U)? true  [B,M] trivial? true  N trivial? true
index 3  H1(U) = 
[ 0, 0, 0, 0 ]  M trivial in H1(U)? true  [B,M] trivial? true  N trivial? true
index 5  H1(U) = [ 0, 0, 0, 0, 0, 0 
 ]  M trivial in H1(U)? true  [B,M] trivial? true  N trivial? true
index 4  H1(U) = [ 0, 0, 0, 0, 0 
 ]  M trivial in H1(U)? true  [B,M] trivial? true  N trivial? true
index 5  H1(U) = [ 0, 0, 0, 0, 0, 0 
 ]  M trivial in H1(U)? true  [B,M] trivial? true  N trivial? true
index 5  H1(U) = [ 0, 0, 0, 0, 0, 0 
 ]  M trivial in H1(U)? true  [B,M] trivial? true  N trivial? true
index 4  H1(U) = [ 0, 0, 0, 0, 0 
 ]  M trivial in H1(U)? true  [B,M] trivial? true  N trivial? true
index 5  H1(U) = [ 0, 0, 0, 0, 0, 0 
 ]  M trivial in H1(U)? true  [B,M] trivial? true  N trivial? true
index 5  H1(U) = [ 0, 0, 0, 0, 0, 0 
 ]  M trivial in H1(U)? true  [B,M] trivial? true  N trivial? true
index 5  H1(U) = [ 0, 0, 0, 0, 0, 0 
 ]  M trivial in H1(U)? true  [B,M] trivial? true  N trivial? true
index 3  H1(U) = 
[ 0, 0, 0, 0 ]  M trivial in H1(U)? true  [B,M] trivial? true  N trivial? true
index 5  H1(U) = [ 0, 0, 0, 0, 0, 0 
 ]  M trivial in H1(U)? true  [B,M] trivial? true  N trivial? true
index 5  H1(U) = [ 0, 0, 0, 0, 0, 0 
 ]  M trivial in H1(U)? true  [B,M] trivial? true  N trivial? true
index 4  H1(U) = [ 0, 0, 0, 0, 0 
 ]  M trivial in H1(U)? true  [B,M] trivial? true  N trivial? true
index 5  H1(U) = [ 0, 0, 0, 0, 0, 0 
 ]  M trivial in H1(U)? true  [B,M] trivial? true  N trivial? true
index 5  H1(U) = [ 0, 0, 0, 0, 0, 0 
 ]  M trivial in H1(U)? true  [B,M] trivial? true  N trivial? true
index 5  H1(U) = [ 0, 0, 0, 0, 0, 0 
 ]  M trivial in H1(U)? true  [B,M] trivial? true  N trivial? true
index 5  H1(U) = [ 0, 0, 0, 0, 0, 0 
 ]  M trivial in H1(U)? true  [B,M] trivial? true  N trivial? true
index 5  H1(U) = [ 0, 0, 0, 0, 0, 0 
 ]  M trivial in H1(U)? true  [B,M] trivial? true  N trivial? true
index 5  H1(U) = [ 0, 0, 0, 0, 0, 0 
 ]  M trivial in H1(U)? true  [B,M] trivial? true  N trivial? true
index 4  H1(U) = [ 0, 0, 0, 0, 0 
 ]  M trivial in H1(U)? true  [B,M] trivial? true  N trivial? true
index 5  H1(U) = [ 0, 0, 0, 0, 0, 0 
 ]  M trivial in H1(U)? true  [B,M] trivial? true  N trivial? true
index 4  H1(U) = [ 0, 0, 0, 0, 0 
 ]  M trivial in H1(U)? true  [B,M] trivial? true  N trivial? true
index 5  H1(U) = [ 0, 0, 0, 0, 0, 0 
 ]  M trivial in H1(U)? true  [B,M] trivial? true  N trivial? true
index 5  H1(U) = [ 0, 0, 0, 0, 0, 0 
 ]  M trivial in H1(U)? true  [B,M] trivial? true  N trivial? true
index 5  H1(U) = [ 0, 0, 0, 0, 0, 0 
 ]  M trivial in H1(U)? true  [B,M] trivial? true  N trivial? true
index 5  H1(U) = [ 0, 0, 0, 0, 0, 0 
 ]  M trivial in H1(U)? true  [B,M] trivial? true  N trivial? true
index 5  H1(U) = [ 0, 0, 0, 0, 0, 0 
 ]  M trivial in H1(U)? true  [B,M] trivial? true  N trivial? true
index 5  H1(U) = [ 0, 0, 0, 0, 0, 0 
 ]  M trivial in H1(U)? true  [B,M] trivial? true  N trivial? true
index 2  H1(U) = 
[ 0, 0, 0 ]  M trivial in H1(U)? true  [B,M] trivial? true  N trivial? true
index 5  H1(U) = [ 0, 0, 0, 0, 0, 0 
 ]  M trivial in H1(U)? true  [B,M] trivial? true  N trivial? true
index 4  H1(U) = [ 0, 0, 0, 0, 0 
 ]  M trivial in H1(U)? true  [B,M] trivial? true  N trivial? true
index 5  H1(U) = [ 0, 0, 0, 0, 0, 0 
 ]  M trivial in H1(U)? true  [B,M] trivial? true  N trivial? true
index 5  H1(U) = [ 0, 0, 0, 0, 0, 0 
 ]  M trivial in H1(U)? true  [B,M] trivial? true  N trivial? true
index 4  H1(U) = [ 0, 0, 0, 0, 0 
 ]  M trivial in H1(U)? true  [B,M] trivial? true  N trivial? true
index 5  H1(U) = [ 0, 0, 0, 0, 0, 0 
 ]  M trivial in H1(U)? true  [B,M] trivial? true  N trivial? true
index 5  H1(U) = [ 0, 0, 0, 0, 0, 0 
 ]  M trivial in H1(U)? true  [B,M] trivial? true  N trivial? true
index 3  H1(U) = 
[ 0, 0, 0, 0 ]  M trivial in H1(U)? true  [B,M] trivial? true  N trivial? true
index 4  H1(U) = [ 0, 0, 0, 0, 0 
 ]  M trivial in H1(U)? true  [B,M] trivial? true  N trivial? true
index 5  H1(U) = [ 0, 0, 0, 0, 0, 0 
 ]  M trivial in H1(U)? true  [B,M] trivial? true  N trivial? true
index 5  H1(U) = [ 0, 0, 0, 0, 0, 0 
 ]  M trivial in H1(U)? true  [B,M] trivial? true  N trivial? true
index 5  H1(U) = [ 0, 0, 0, 0, 0, 0 
 ]  M trivial in H1(U)? true  [B,M] trivial? true  N trivial? true
index 5  H1(U) = [ 0, 0, 0, 0, 0, 0 
 ]  M trivial in H1(U)? true  [B,M] trivial? true  N trivial? true
index 4  H1(U) = [ 0, 0, 0, 0, 0 
 ]  M trivial in H1(U)? true  [B,M] trivial? true  N trivial? true
index 5  H1(U) = [ 0, 0, 0, 0, 0, 0 
 ]  M trivial in H1(U)? true  [B,M] trivial? true  N trivial? true
index 5  H1(U) = [ 0, 0, 0, 0, 0, 0 
 ]  M trivial in H1(U)? true  [B,M] trivial? true  N trivial? true
index 5  H1(U) = [ 0, 0, 0, 0, 0, 0 
 ]  M trivial in H1(U)? true  [B,M] trivial? true  N trivial? true
index 4  H1(U) = [ 0, 0, 0, 0, 0 
 ]  M trivial in H1(U)? true  [B,M] trivial? true  N trivial? true
index 4  H1(U) = [ 0, 0, 0, 0, 0 
 ]  M trivial in H1(U)? true  [B,M] trivial? true  N trivial? true
index 5  H1(U) = [ 0, 0, 0, 0, 0, 0 
 ]  M trivial in H1(U)? true  [B,M] trivial? true  N trivial? true
index 5  H1(U) = [ 0, 0, 0, 0, 0, 0 
 ]  M trivial in H1(U)? true  [B,M] trivial? true  N trivial? true
index 3  H1(U) = 
[ 0, 0, 0, 0 ]  M trivial in H1(U)? true  [B,M] trivial? true  N trivial? true
index 5  H1(U) = [ 0, 0, 0, 0, 0, 0 
 ]  M trivial in H1(U)? true  [B,M] trivial? true  N trivial? true
index 4  H1(U) = [ 0, 0, 0, 0, 0 
 ]  M trivial in H1(U)? true  [B,M] trivial? true  N trivial? true
index 5  H1(U) = [ 0, 0, 0, 0, 0, 0 
 ]  M trivial in H1(U)? true  [B,M] trivial? true  N trivial? true
index 5  H1(U) = [ 0, 0, 0, 0, 0, 0 
 ]  M trivial in H1(U)? true  [B,M] trivial? true  N trivial? true
index 4  H1(U) = [ 0, 0, 0, 0, 0 
 ]  M trivial in H1(U)? true  [B,M] trivial? true  N trivial? true
index 5  H1(U) = [ 0, 0, 0, 0, 0, 0 
 ]  M trivial in H1(U)? true  [B,M] trivial? true  N trivial? true
index 5  H1(U) = [ 0, 0, 0, 0, 0, 0 
 ]  M trivial in H1(U)? true  [B,M] trivial? true  N trivial? true
M nontrivial in H1 of some cover to index 5: false
