presentation of Q on the sheet loops: 8 generators, 19 relators, 92 ms
geom_M_y2 = h1*h2*h1*h2^-1*h1^-1*h3^-1*h2*h5^-1*h4^-1*h1*h2*h1*h2^-1*h1^-1*h4*\
h5*h1*h3*h4*h5*h2^-1*h1^-1*h5^-1*h4^-1*h1*h2*h1^-1*h2^-1*h1^-1*h4*h5*h2^-1*h3*\
(h1*h2*h1*h2^-1*h1^-1*h3^-1*h2*h5^-1*h4^-1)^2*(h1*h2*h1^-1*h2^-1*h1^-1*h4*h5*h\
2^-1*h3)^2*h1*h2*h1^-1*h2^-1*h1^-1*h3^-1*h2*h5^-1*h4^-1*h1*h2*h1*h2^-1*h1^-1*h\
4*h5*h1*h2*h5^-1*h4^-1*h6^-1*h7^-1*h1*h2*h1*h2^-1*h1^-1*h3^-1*h2*h5^-1*h4^-1*h\
1*h2*h1*h2^-1*h1^-1*h4*h5*h2^-1*h1^-1*h5^-1*h4^-1*h1*h2*h1^-1*h2^-1*h1^-1*h4*h\
5*h2^-1*h3*h1*h2*h1^-1*h2^-1*h1^-1*h3^-1*h2*h5^-1*h4^-1*h1*h2*h1*h2^-1*h1^-1*h\
4*h5*h1*h2*h5^-1*h4^-1*h1*h2*h1^-1*h2^-1*h1^-1*h4*h5*h2^-1*h3*h1*h2*h1^-1*h2^-\
1*h1^-1*h3^-1*h2*h5^-1*h4^-1*h1*h2*h1*h2^-1*h1^-1*h4*h5*h2^-1*h1^-1*h5^-1*h4^-\
1*h1*h2*h1^-1*h2^-1*h1^-1*h4*h5*h2^-1*h3*h1*h2*h1*h2^-1*h1^-1*h3^-1*h2*h5^-1*h\
4^-1*h1*h2*h1*h2^-1*h1^-1*h4*h5*h1*h2*h5^-1*h4^-1*h1*h2*h1^-1*h2^-1*h1^-1*h4*h\
5*h2^-1*h3*h1*h2*h1^-1*h2^-1*h1^-1*h7*h6*h4*h5*h2^-1*h1^-1*h5^-1*h4^-1*h1*h2*h\
1^-1*h2^-1*h1^-1*h4*h5*h2^-1*h3*(h1*h2*h1*h2^-1*h1^-1*h3^-1*h2*h5^-1*h4^-1)^2*\
h1*h2*h1*(h2^-1*h1^-1*h4*h5*h2^-1*h3*h1*h2*h1^-1)^2*h2^-1*h1^-1*h3^-1*h2*h5^-1\
*h4^-1*h1*h2*h1*h2^-1*h1^-1*h4*h5*h1*h2*h5^-1*h4^-1*h3^-1*h1^-1*h5^-1*h4^-1*h1\
*h2*h1^-1*h2^-1*h1^-1*h4*h5*h2^-1*h3*h1*h2*h1^-1*h2^-1*h1^-1*h3^-1*h2*h5^-1*h4\
^-1*h1*h2*h1^-1*h2^-1*h1^-1*h4*h5*h2^-1*h3*h1*h2*h1*h2^-1*h1^-1*h3^-1*h2*h5^-1\
*h4^-1*h1*h2*h1*h2^-1*h1^-1*h4*h5*h2^-1*h1^-1*h5^-1*h4^-1*h1*h2*h1^-1*h2^-1*h1\
^-1*h4*h5*h2^-1*h3*h1*h2*h1*h2^-1*h1^-1*h3^-1*h2*h5^-1*h4^-1*h1*h2*h1*h2^-1*h1\
^-1*h4*h5*h1*h2*h5^-1*h4^-1*h1*h2*h1^-1*h2^-1*h1^-1*h4*h5*h2^-1*h3*h1*h2*h1^-1\
*h2^-1*h1^-1*h7*h6*h4*h5*h2^-1*h1^-1*h5^-1*h4^-1*h1*h2*h1^-1*h2^-1*h1^-1*h4*h5\
*h2^-1*h3*(h1*h2*h1*h2^-1*h1^-1*h3^-1*h2*h5^-1*h4^-1)^2*h1*h2*h1*(h2^-1*h1^-1*\
h4*h5*h2^-1*h3*h1*h2*h1^-1)^2*h2^-1*h1^-1*h3^-1*h2*h5^-1*h4^-1*h1*h2*h1*h2^-1*\
h1^-1*h4*h5*h1*h2*h5^-1*h4^-1*h3^-1*h1^-1*h2^-1*h3*h1*h2*h1*h2^-1*h1^-1*h3^-1*\
h2*h5^-1*h4^-1*h1*h2*h1*h2^-1*h1^-1*h4*h5*h1*h3*h4*h5*h2^-1*h1^-1*h5^-1*h4^-1*\
h1*h2*h1^-1*h2^-1*h1^-1*h4*h5*h2^-1*h3*(h1*h2*h1*h2^-1*h1^-1*h3^-1*h2*h5^-1*h4\
^-1)^2*(h1*h2*h1^-1*h2^-1*h1^-1*h4*h5*h2^-1*h3)^2*h1*h2*h1^-1*h2^-1*h1^-1*h3^-\
1*h2*h5^-1*h4^-1*h1*h2*h1*h2^-1*h1^-1*h4*h5*h1*h2*h5^-1*h4^-1*h6^-1*h7^-1*h1*h\
2*h1*h2^-1*h1^-1*h3^-1*h2*h5^-1*h4^-1*h1*h2*h1*h2^-1*h1^-1*h4*h5*h2^-1*h1^-1*h\
5^-1*h4^-1*h1*h2*h1^-1*h2^-1*h1^-1*h4*h5*h2^-1*h3*h1*h2*h1^-1*h2^-1*h1^-1*h3^-\
1*h2*h5^-1*h4^-1*h1*h2*h1*h2^-1*h1^-1*h4*h5*h1*h2*h5^-1*h4^-1*h1*h2*h1^-1*h2^-\
1*h1^-1*h4*h5*h2^-1*h3*h1*h2*h1^-1*h2^-1*h1^-1*h3^-1*h2*h5^-1*h4^-1*h1*h2*h1*h\
2^-1*h1^-1*h4*h5*h1*h3*h4*h5*h2^-1*h1^-1*h5^-1*h4^-1*h1*h2*h1^-1*h2^-1*h1^-1*h\
4*h5*h2^-1*h3*(h1*h2*h1*h2^-1*h1^-1*h3^-1*h2*h5^-1*h4^-1)^2*(h1*h2*h1^-1*h2^-1\
*h1^-1*h4*h5*h2^-1*h3)^2*h1*h2*h1^-1*h2^-1*h1^-1*h3^-1*h2*h5^-1*h4^-1*h1*h2*h1\
*h2^-1*h1^-1*h4*h5*h1*h2*h5^-1*h4^-1*h6^-1*h7^-1*h1*h2*h1*h2^-1*h1^-1*h3^-1*h2\
*h5^-1*h4^-1*h1*h2*h1*h2^-1*h1^-1*h4*h5*h2^-1*h1^-1*h5^-1*h4^-1*h1*h2*h1^-1*h2\
^-1*h1^-1*h4*h5*h2^-1*h3*h1*h2*h1^-1*h2^-1*h1^-1*h3^-1*h2*h5^-1*h4^-1*h1*h2*h1\
*h2^-1*h1^-1*h4*h5*h1*h2*h5^-1*h4^-1*h1*h2*h1^-1*h2^-1*h1^-1*h4*h5*h2^-1*h3*h1\
*h2*h1^2*h2^-1*h1^-1*h3^-1*h2*h5^-1*h4^-1*h1*h2*h1*h2^-1*h1^-1*h4*h5*h2^-1*h1^\
-1*h5^-1*h4^-1*h1*h2*h1^-1*h2^-1*h1^-1*h4*h5*h2^-1*h3*h1*h2*h1*h2^-1*h1^-1*h3^\
-1*h2*h5^-1*h4^-1*h1*h2*h1*h2^-1*h1^-1*h4*h5*h1*h2*h5^-1*h4^-1*h1*h2*h1^-1*h2^\
-1*h1^-1*h4*h5*h2^-1*h3*h1*h2*h1^-1*h2^-1*h1^-1*h7*h6*h4*h5*h2^-1*h1^-1*h5^-1*\
h4^-1*h1*h2*h1^-1*h2^-1*h1^-1*h4*h5*h2^-1*h3*(h1*h2*h1*h2^-1*h1^-1*h3^-1*h2*h5\
^-1*h4^-1)^2*h1*h2*h1*(h2^-1*h1^-1*h4*h5*h2^-1*h3*h1*h2*h1^-1)^2*h2^-1*h1^-1*h\
3^-1*h2*h5^-1*h4^-1*h1*h2*h1*h2^-1*h1^-1*h4*h5*h1*h2*h5^-1*h4^-1*h3^-1*h1^-1*h\
5^-1*h4^-1*h1*h2*h1^-1*h2^-1*h1^-1*h4*h5*h2^-1*h3*h1*h2*h1^-1*h2^-1*h1^-1
lb_a_y2 = h1*h2*h1*h2^-1*h1^-1*h3^-1*h2*h5^-1*h4^-1*h1*h2*h1*h2^-1*h1^-1*h4*h5\
*h1*h3*h4*h5*h2^-1*h1^-1*h5^-1*h4^-1*h1*h2*h1^-1*h2^-1*h1^-1*h4*h5*h2^-1*h3*(h\
1*h2*h1*h2^-1*h1^-1*h3^-1*h2*h5^-1*h4^-1)^2*(h1*h2*h1^-1*h2^-1*h1^-1*h4*h5*h2^\
-1*h3)^2*h1*h2*h1^-1*h2^-1*h1^-1*h3^-1*h2*h5^-1*h4^-1*h1*h2*h1*h2^-1*h1^-1*h4*\
h5*h1*h2*h5^-1*h4^-1*h6^-1*h7^-1*h1*h2*h1*h2^-1*h1^-1*h3^-1*h2*h5^-1*h4^-1*h1*\
h2*h1*h2^-1*h1^-1*h4*h5*h2^-1*h1^-1*h5^-1*h4^-1*h1*h2*h1^-1*h2^-1*h1^-1*h4*h5*\
h2^-1*h3*h1*h2*h1^-1*h2^-1*h1^-1*h3^-1*h2*h5^-1*h4^-1*h1*h2*h1*h2^-1*h1^-1*h4*\
h5*h1*h2*h5^-1*h4^-1*h1*h2*h1^-1*h2^-1*h1^-1*h4*h5*h2^-1*h3*h1*h2*h1^-1*h2^-1*\
h1^-1*h3^-1*h2*h5^-1*h4^-1*h1*h2*h1*h2^-1*h1^-1*h4*h5*h2^-1*h1^-1*h5^-1*h4^-1*\
h1*h2*h1^-1*h2^-1*h1^-1*h4*h5*h2^-1*h3*h1*h2*h1*h2^-1*h1^-1*h3^-1*h2*h5^-1*h4^\
-1*h1*h2*h1*h2^-1*h1^-1*h4*h5*h1*h2*h5^-1*h4^-1*h1*h2*h1^-1*h2^-1*h1^-1*h4*h5*\
h2^-1*h3*h1*h2*h1^-1*h2^-1*h1^-1*h7*h6*h4*h5*h2^-1*h1^-1*h5^-1*h4^-1*h1*h2*h1^\
-1*h2^-1*h1^-1*h4*h5*h2^-1*h3*(h1*h2*h1*h2^-1*h1^-1*h3^-1*h2*h5^-1*h4^-1)^2*h1\
*h2*h1*(h2^-1*h1^-1*h4*h5*h2^-1*h3*h1*h2*h1^-1)^2*h2^-1*h1^-1*h3^-1*h2*h5^-1*h\
4^-1*h1*h2*h1*h2^-1*h1^-1*h4*h5*h1*h2*h5^-1*h4^-1*h3^-1*h1^-1*h5^-1*h4^-1*(h1*\
h2*h1^-1*h2^-1*h1^-1*h4*h5*h2^-1*h3)^3*h1*h2*h1^-1*(h2^-1*h1^-1*h3^-1*h2*h5^-1\
*h4^-1*h1*h2*h1)^2*h2^-1*h1^-1*h4*h5*h1*h3*h4*h5*h2^-1*h1^-1*h5^-1*h4^-1*h1*h2\
*h1^-1*h2^-1*h1^-1*h4*h5*h2^-1*h3*(h1*h2*h1*h2^-1*h1^-1*h3^-1*h2*h5^-1*h4^-1)^\
2*(h1*h2*h1^-1*h2^-1*h1^-1*h4*h5*h2^-1*h3)^2*h1*h2*h1^-1*h2^-1*h1^-1*h3^-1*h2*\
h5^-1*h4^-1*h1*h2*h1*h2^-1*h1^-1*h4*h5*h1*h2*h5^-1*h4^-1*h6^-1*h7^-1*h1*h2*h1*\
h2^-1*h1^-1*h3^-1*h2*h5^-1*h4^-1*h1*h2*h1*h2^-1*h1^-1*h4*h5*h2^-1*h1^-1*h5^-1*\
h4^-1*h1*h2*h1^-1*h2^-1*h1^-1*h4*h5*h2^-1*h3*h1*h2*h1^-1*h2^-1*h1^-1*h3^-1*h2*\
h5^-1*h4^-1*h1*h2*h1*h2^-1*h1^-1*h4*h5*h1*h2*h5^-1*h4^-1*h1*h2*h1^-1*h2^-1*h1^\
-1*h4*h5*h2^-1*h3*h1*h2*h1*h2^-1*h1^-1*h3^-1*h2*h5^-1*h4^-1*h1*h2*h1*h2^-1*h1^\
-1*h4*h5*h2^-1*h1^-1*h5^-1*h4^-1*h1*h2*h1^-1*h2^-1*h1^-1*h4*h5*h2^-1*h3*h1*h2*\
h1*h2^-1*h1^-1*h3^-1*h2*h5^-1*h4^-1*h1*h2*h1*h2^-1*h1^-1*h4*h5*h1*h2*h5^-1*h4^\
-1*h1*h2*h1^-1*h2^-1*h1^-1*h4*h5*h2^-1*h3*h1*h2*h1^-1*h2^-1*h1^-1*h7*h6*h4*h5*\
h2^-1*h1^-1*h5^-1*h4^-1*h1*h2*h1^-1*h2^-1*h1^-1*h4*h5*h2^-1*h3*(h1*h2*h1*h2^-1\
*h1^-1*h3^-1*h2*h5^-1*h4^-1)^2*h1*h2*h1*(h2^-1*h1^-1*h4*h5*h2^-1*h3*h1*h2*h1^-\
1)^2*h2^-1*h1^-1*h3^-1*h2*h5^-1*h4^-1*h1*h2*h1*h2^-1*h1^-1*h4*h5*h1*h2*h5^-1*h\
4^-1*h3^-1*h1^-1*h5^-1*h4^-1*h1*h2*h1^-1*h2^-1*h1^-1*h4*h5*h2^-1*h3*h1*h2*h1^-\
1*h2^-1*h1^-1
geom_M = h1*h2*h1*h2^-1*h1^-1*h3^-1*h2*h5^-1*h4^-1*h1*h2*h1*h2^-1*h1^-1*h4*h5*\
h1*h3*h4*h5*h2^-1*h1^-1*h5^-1*h4^-1*h1*h2*h1^-1*h2^-1*h1^-1*h4*h5*h2^-1*h3*(h1\
*h2*h1*h2^-1*h1^-1*h3^-1*h2*h5^-1*h4^-1)^2*(h1*h2*h1^-1*h2^-1*h1^-1*h4*h5*h2^-\
1*h3)^2*h1*h2*h1^-1*h2^-1*h1^-1*h3^-1*h2*h5^-1*h4^-1*h1*h2*h1*h2^-1*h1^-1*h4*h\
5*h1*h2*h5^-1*h4^-1*h6^-1*h7^-1*h1*h2*h1*h2^-1*h1^-1*h3^-1*h2*h5^-1*h4^-1*h1*h\
2*h1*h2^-1*h1^-1*h4*h5*h2^-1*h1^-1*h5^-1*h4^-1*h1*h2*h1^-1*h2^-1*h1^-1*h4*h5*h\
2^-1*h3*h1*h2*h1^-1*h2^-1*h1^-1*h3^-1*h2*h5^-1*h4^-1*h1*h2*h1*h2^-1*h1^-1*h4*h\
5*h1*h2*h5^-1*h4^-1*h1*h2*h1^-1*h2^-1*h1^-1*h4*h5*h2^-1*h3*h1*h2*h1^-1*h2^-1*h\
1^-1*h3^-1*h2*h5^-1*h4^-1*h1*h2*h1*h2^-1*h1^-1*h4*h5*h2^-1*h1^-1*h5^-1*h4^-1*h\
1*h2*h1^-1*h2^-1*h1^-1*h4*h5*h2^-1*h3*h1*h2*h1*h2^-1*h1^-1*h3^-1*h2*h5^-1*h4^-\
1*h1*h2*h1*h2^-1*h1^-1*h4*h5*h1*h2*h5^-1*h4^-1*h1*h2*h1^-1*h2^-1*h1^-1*h4*h5*h\
2^-1*h3*h1*h2*h1^-1*h2^-1*h1^-1*h7*h6*h4*h5*h2^-1*h1^-1*h5^-1*h4^-1*h1*h2*h1^-\
1*h2^-1*h1^-1*h4*h5*h2^-1*h3*(h1*h2*h1*h2^-1*h1^-1*h3^-1*h2*h5^-1*h4^-1)^2*h1*\
h2*h1*(h2^-1*h1^-1*h4*h5*h2^-1*h3*h1*h2*h1^-1)^2*h2^-1*h1^-1*h3^-1*h2*h5^-1*h4\
^-1*h1*h2*h1*h2^-1*h1^-1*h4*h5*h1*h2*h5^-1*h4^-1*h3^-1*h1^-1*h5^-1*h4^-1*h1*h2\
*h1^-1*h2^-1*h1^-1*h4*h5*h2^-1*h3*h1*h2*h1^-1*h2^-1*h1^-1*h3^-1*h2*h5^-1*h4^-1\
*h1*h2*h1*h2^-1*h1^-1*h4*h5*h1*h3*h4*h5*h2^-1*h1^-1*h5^-1*h4^-1*h1*h2*h1^-1*h2\
^-1*h1^-1*h4*h5*h2^-1*h3*(h1*h2*h1*h2^-1*h1^-1*h3^-1*h2*h5^-1*h4^-1)^2*(h1*h2*\
h1^-1*h2^-1*h1^-1*h4*h5*h2^-1*h3)^2*h1*h2*h1^-1*h2^-1*h1^-1*h3^-1*h2*h5^-1*h4^\
-1*h1*h2*h1*h2^-1*h1^-1*h4*h5*h1*h2*h5^-1*h4^-1*h6^-1*h7^-1*h1*h2*h1*h2^-1*h1^\
-1*h3^-1*h2*h5^-1*h4^-1*h1*h2*h1*h2^-1*h1^-1*h4*h5*h2^-1*h1^-1*h5^-1*h4^-1*h1*\
h2*h1^-1*h2^-1*h1^-1*h4*h5*h2^-1*h3*h1*h2*h1^-1*h2^-1*h1^-1*h3^-1*h2*h5^-1*h4^\
-1*h1*h2*h1*h2^-1*h1^-1*h4*h5*h1*h2*h5^-1*h4^-1*h1*h2*h1^-1*h2^-1*h1^-1*h4*h5*\
h2^-1*h3*h1*h2*h1*h2^-1*h1^-1*h3^-1*h2*h5^-1*h4^-1*h1*h2*h1*h2^-1*h1^-1*h4*h5*\
h2^-1*h1^-1*h5^-1*h4^-1*h1*h2*h1^-1*h2^-1*h1^-1*h4*h5*h2^-1*h3*h1*h2*h1*h2^-1*\
h1^-1*h3^-1*h2*h5^-1*h4^-1*h1*h2*h1*h2^-1*h1^-1*h4*h5*h1*h2*h5^-1*h4^-1*h1*h2*\
h1^-1*h2^-1*h1^-1*h4*h5*h2^-1*h3*h1*h2*h1^-1*h2^-1*h1^-1*h7*h6*h4*h5*h2^-1*h1^\
-1*h5^-1*h4^-1*h1*h2*h1^-1*h2^-1*h1^-1*h4*h5*h2^-1*h3*(h1*h2*h1*h2^-1*h1^-1*h3\
^-1*h2*h5^-1*h4^-1)^2*h1*h2*h1*(h2^-1*h1^-1*h4*h5*h2^-1*h3*h1*h2*h1^-1)^2*h2^-\
1*h1^-1*h3^-1*h2*h5^-1*h4^-1*h1*h2*h1*h2^-1*h1^-1*h4*h5*h1*h2*h5^-1*h4^-1*h3^-\
1*h1^-1*h5^-1*h4^-1*h1*h2*h1^-1*h2^-1*h1^-1*h4*h5*h2^-1*h3*h1*h2*h1^-1*h2^-1*h\
1^-1*h3^-1*h2*h5^-1*h4^-1*h1*h2*h1^-1*h2^-1*h1^-1*h4*h5*h2^-1*h3*h1*h2*h1*h2^-\
1*h1^-1*h3^-1*h2*h5^-1*h4^-1*h1*h2*h1*h2^-1*h1^-1*h4*h5*h2^-1*h1^-1*h5^-1*h4^-\
1*h1*h2*h1^-1*h2^-1*h1^-1*h4*h5*h2^-1*h3*h1*h2*h1*h2^-1*h1^-1*h3^-1*h2*h5^-1*h\
4^-1*h1*h2*h1*h2^-1*h1^-1*h4*h5*h1*h2*h5^-1*h4^-1*h1*h2*h1^-1*h2^-1*h1^-1*h4*h\
5*h2^-1*h3*h1*h2*h1^-1*h2^-1*h1^-1*h7*h6*h4*h5*h2^-1*h1^-1*h5^-1*h4^-1*h1*h2*h\
1^-1*h2^-1*h1^-1*h4*h5*h2^-1*h3*(h1*h2*h1*h2^-1*h1^-1*h3^-1*h2*h5^-1*h4^-1)^2*\
h1*h2*h1*(h2^-1*h1^-1*h4*h5*h2^-1*h3*h1*h2*h1^-1)^2*h2^-1*h1^-1*h3^-1*h2*h5^-1\
*h4^-1*h1*h2*h1*h2^-1*h1^-1*h4*h5*h1*h2*h5^-1*h4^-1*h3^-1*h1^-1*h2^-1*h3*h1*h2\
*h1*h2^-1*h1^-1*h3^-1*h2*h5^-1*h4^-1*h1*h2*h1*h2^-1*h1^-1*h4*h5*(h1*h3*h4*h5*h\
2^-1*h1^-1*h5^-1*h4^-1*h1*h2*h1^-1*h2^-1*h1^-1*h4*h5*h2^-1*h3*(h1*h2*h1*h2^-1*\
h1^-1*h3^-1*h2*h5^-1*h4^-1)^2*(h1*h2*h1^-1*h2^-1*h1^-1*h4*h5*h2^-1*h3)^2*h1*h2\
*h1^-1*h2^-1*h1^-1*h3^-1*h2*h5^-1*h4^-1*h1*h2*h1*h2^-1*h1^-1*h4*h5*h1*h2*h5^-1\
*h4^-1*h6^-1*h7^-1*h1*h2*h1*h2^-1*h1^-1*h3^-1*h2*h5^-1*h4^-1*h1*h2*h1*h2^-1*h1\
^-1*h4*h5*h2^-1*h1^-1*h5^-1*h4^-1*h1*h2*h1^-1*h2^-1*h1^-1*h4*h5*h2^-1*h3*h1*h2\
*h1^-1*h2^-1*h1^-1*h3^-1*h2*h5^-1*h4^-1*h1*h2*h1*h2^-1*h1^-1*h4*h5*h1*h2)^2*h5\
^-1*h4^-1*h1*h2*h1^-1*h2^-1*h1^-1*h4*h5*h2^-1*h3*h1*h2*h1*h2^-1*h1^-1*h3^-1*h2\
*h5^-1*h4^-1*h1*h2*h1*h2^-1*h1^-1*h4*h5*h2^-1*h1^-1*h5^-1*h4^-1*h1*h2*h1^-1*h2\
^-1*h1^-1*h4*h5*h2^-1*h3*h1*h2*h1*h2^-1*h1^-1*h3^-1*h2*h5^-1*h4^-1*h1*h2*h1*h2\
^-1*h1^-1*h4*h5*h1*h2*h5^-1*h4^-1*h1*h2*h1^-1*h2^-1*h1^-1*h4*h5*h2^-1*h3*h1*h2\
*h1^-1*h2^-1*h1^-1*h7*h6*h4*h5*h2^-1*h1^-1*h5^-1*h4^-1*h1*h2*h1^-1*h2^-1*h1^-1\
*h4*h5*h2^-1*h3*(h1*h2*h1*h2^-1*h1^-1*h3^-1*h2*h5^-1*h4^-1)^2*h1*h2*h1*(h2^-1*\
h1^-1*h4*h5*h2^-1*h3*h1*h2*h1^-1)^2*h2^-1*h1^-1*h3^-1*h2*h5^-1*h4^-1*h1*h2*h1*\
h2^-1*h1^-1*h4*h5*h1*h2*h5^-1*h4^-1*h3^-1*h1^-1*h5^-1*h4^-1*h1*h2*h1^-1*h2^-1*\
h1^-1*h4*h5*h2^-1*h3*h1*h2*h1^-1*h2^-1*h1^-1
lb_a_y1 = h1*h2*h1*h2^-1*h1^-1*h3^-1*h2*h5^-1*h4^-1*h1*h2*h1*h2^-1*h1^-1*h4*h5\
*h1*h3*h4*h5*h2^-1*h1^-1*h5^-1*h4^-1*h1*h2*h1^-1*h2^-1*h1^-1*h4*h5*h2^-1*h3*(h\
1*h2*h1*h2^-1*h1^-1*h3^-1*h2*h5^-1*h4^-1)^2*(h1*h2*h1^-1*h2^-1*h1^-1*h4*h5*h2^\
-1*h3)^2*h1*h2*h1^-1*h2^-1*h1^-1*h3^-1*h2*h5^-1*h4^-1*h1*h2*h1*h2^-1*h1^-1*h4*\
h5*h1*h2*h5^-1*h4^-1*h6^-1*h7^-1*h1*h2*h1*h2^-1*h1^-1*h3^-1*h2*h5^-1*h4^-1*h1*\
h2*h1*h2^-1*h1^-1*h4*h5*h2^-1*h1^-1*h5^-1*h4^-1*h1*h2*h1^-1*h2^-1*h1^-1*h4*h5*\
h2^-1*h3*h1*h2*h1^-1*h2^-1*h1^-1*h3^-1*h2*h5^-1*h4^-1*h1*h2*h1*h2^-1*h1^-1*h4*\
h5*h1*h2*h5^-1*h4^-1*h1*h2*h1^-1*h2^-1*h1^-1*h4*h5*h2^-1*h3*h1*h2*h1^-1*h2^-1*\
h1^-1*h3^-1*h2*h5^-1*h4^-1*h1*h2*h1*h2^-1*h1^-1*h4*h5*h2^-1*h1^-1*h5^-1*h4^-1*\
h1*h2*h1^-1*h2^-1*h1^-1*h4*h5*h2^-1*h3*h1*h2*h1*h2^-1*h1^-1*h3^-1*h2*h5^-1*h4^\
-1*h1*h2*h1*h2^-1*h1^-1*h4*h5*h1*h2*h5^-1*h4^-1*h1*h2*h1^-1*h2^-1*h1^-1*h4*h5*\
h2^-1*h3*h1*h2*h1^-1*h2^-1*h1^-1*h7*h6*h4*h5*h2^-1*h1^-1*h5^-1*h4^-1*h1*h2*h1^\
-1*h2^-1*h1^-1*h4*h5*h2^-1*h3*(h1*h2*h1*h2^-1*h1^-1*h3^-1*h2*h5^-1*h4^-1)^2*h1\
*h2*h1*(h2^-1*h1^-1*h4*h5*h2^-1*h3*h1*h2*h1^-1)^2*h2^-1*h1^-1*h3^-1*h2*h5^-1*h\
4^-1*h1*h2*h1*h2^-1*h1^-1*h4*h5*h1*h2*h5^-1*h4^-1*h3^-1*h1^-1*h5^-1*h4^-1*h1*h\
2*h1^-1*h2^-1*h1^-1*h4*h5*h2^-1*h3*h1*h2*h1^-1*h2^-1*h1^-1*h3^-1*h2*h5^-1*h4^-\
1*h1*h2*h1*h2^-1*h1^-1*h4*h5*h1*h3*h4*h5*h2^-1*h1^-1*h5^-1*h4^-1*h1*h2*h1^-1*h\
2^-1*h1^-1*h4*h5*h2^-1*h3*(h1*h2*h1*h2^-1*h1^-1*h3^-1*h2*h5^-1*h4^-1)^2*(h1*h2\
*h1^-1*h2^-1*h1^-1*h4*h5*h2^-1*h3)^2*h1*h2*h1^-1*h2^-1*h1^-1*h3^-1*h2*h5^-1*h4\
^-1*h1*h2*h1*h2^-1*h1^-1*h4*h5*h1*h2*h5^-1*h4^-1*h6^-1*h7^-1*h1*h2*h1*h2^-1*h1\
^-1*h3^-1*h2*h5^-1*h4^-1*h1*h2*h1*h2^-1*h1^-1*h4*h5*h2^-1*h1^-1*h5^-1*h4^-1*h1\
*h2*h1^-1*h2^-1*h1^-1*h4*h5*h2^-1*h3*h1*h2*h1^-1*h2^-1*h1^-1*h3^-1*h2*h5^-1*h4\
^-1*h1*h2*h1*h2^-1*h1^-1*h4*h5*h1*h2*h5^-1*h4^-1*h1*h2*h1^-1*h2^-1*h1^-1*h4*h5\
*h2^-1*h3*h1*h2*h1*h2^-1*h1^-1*h3^-1*h2*h5^-1*h4^-1*h1*h2*h1*h2^-1*h1^-1*h4*h5\
*h2^-1*h1^-1*h5^-1*h4^-1*h1*h2*h1^-1*h2^-1*h1^-1*h4*h5*h2^-1*h3*h1*h2*h1*h2^-1\
*h1^-1*h3^-1*h2*h5^-1*h4^-1*h1*h2*h1*h2^-1*h1^-1*h4*h5*h1*h2*h5^-1*h4^-1*h1*h2\
*h1^-1*h2^-1*h1^-1*h4*h5*h2^-1*h3*h1*h2*h1^-1*h2^-1*h1^-1*h7*h6*h4*h5*h2^-1*h1\
^-1*h5^-1*h4^-1*h1*h2*h1^-1*h2^-1*h1^-1*h4*h5*h2^-1*h3*(h1*h2*h1*h2^-1*h1^-1*h\
3^-1*h2*h5^-1*h4^-1)^2*h1*h2*h1*(h2^-1*h1^-1*h4*h5*h2^-1*h3*h1*h2*h1^-1)^2*h2^\
-1*h1^-1*h3^-1*h2*h5^-1*h4^-1*h1*h2*h1*h2^-1*h1^-1*h4*h5*h1*h2*h5^-1*h4^-1*h3^\
-1*h1^-1*h5^-1*h4^-1*(h1*h2*h1^-1*h2^-1*h1^-1*h4*h5*h2^-1*h3)^2*h1*h2*h1*h2^-1\
*h1^-1*h3^-1*h2*h5^-1*h4^-1*h1*h2*h1*h2^-1*h1^-1*h4*h5*h1*h3*h4*h5*h2^-1*h1^-1\
*h5^-1*h4^-1*h1*h2*h1^-1*h2^-1*h1^-1*h4*h5*h2^-1*h3*(h1*h2*h1*h2^-1*h1^-1*h3^-\
1*h2*h5^-1*h4^-1)^2*(h1*h2*h1^-1*h2^-1*h1^-1*h4*h5*h2^-1*h3)^2*h1*h2*h1^-1*h2^\
-1*h1^-1*h3^-1*h2*h5^-1*h4^-1*h1*h2*h1*h2^-1*h1^-1*h4*h5*h1*h2*h5^-1*h4^-1*h6^\
-1*h7^-1*h1*h2*h1*h2^-1*h1^-1*h3^-1*h2*h5^-1*h4^-1*h1*h2*h1*h2^-1*h1^-1*h4*h5*\
h2^-1*h1^-1*h5^-1*h4^-1*h1*h2*h1^-1*h2^-1*h1^-1*h4*h5*h2^-1*h3*h1*h2*h1^-1*h2^\
-1*h1^-1*h3^-1*h2*h5^-1*h4^-1*h1*h2*h1*h2^-1*h1^-1*h4*h5*h1*h2*h5^-1*h4^-1*h1*\
h2*h1^-1*h2^-1*h1^-1*h4*h5*h2^-1*h3*h1*h2*h1^-1*h2^-1*h1^-1*h3^-1*h2*h5^-1*h4^\
-1*h1*h2*h1*h2^-1*h1^-1*h4*h5*h2^-1*h1^-1*h5^-1*h4^-1*h1*h2*h1^-1*h2^-1*h1^-1*\
h4*h5*h2^-1*h3*h1*h2*h1*h2^-1*h1^-1*h3^-1*h2*h5^-1*h4^-1*h1*h2*h1*h2^-1*h1^-1*\
h4*h5*h1*h2*h5^-1*h4^-1*h1*h2*h1^-1*h2^-1*h1^-1*h4*h5*h2^-1*h3*h1*h2*h1^-1*h2^\
-1*h1^-1*h7*h6*h4*h5*h2^-1*h1^-1*h5^-1*h4^-1*h1*h2*h1^-1*h2^-1*h1^-1*h4*h5*h2^\
-1*h3*(h1*h2*h1*h2^-1*h1^-1*h3^-1*h2*h5^-1*h4^-1)^2*h1*h2*h1*(h2^-1*h1^-1*h4*h\
5*h2^-1*h3*h1*h2*h1^-1)^2*h2^-1*h1^-1*h3^-1*h2*h5^-1*h4^-1*h1*h2*h1*h2^-1*h1^-\
1*h4*h5*h1*h2*h5^-1*h4^-1*h3^-1*h1^-1*h5^-1*h4^-1*h1*h2*h1^-1*h2^-1*h1^-1*h4*h\
5*h2^-1*h3*h1*h2*h1*h2^-1*h1^-1*h3^-1*h2*h5^-1*h4^-1*h1*h2*h1*h2^-1*h1^-1*h4*h\
5*h1*h3*h4*h5*h2^-1*h1^-1*h5^-1*h4^-1*h1*h2*h1^-1*h2^-1*h1^-1*h4*h5*h2^-1*h3*(\
h1*h2*h1*h2^-1*h1^-1*h3^-1*h2*h5^-1*h4^-1)^2*(h1*h2*h1^-1*h2^-1*h1^-1*h4*h5*h2\
^-1*h3)^2*h1*h2*h1^-1*h2^-1*h1^-1*h3^-1*h2*h5^-1*h4^-1*h1*h2*h1*h2^-1*h1^-1*h4\
*h5*h1*h2*h5^-1*h4^-1*h6^-1*h7^-1*h1*h2*h1*h2^-1*h1^-1*h3^-1*h2*h5^-1*h4^-1*h1\
*h2*h1*h2^-1*h1^-1*h4*h5*h2^-1*h1^-1*h5^-1*h4^-1*h1*h2*h1^-1*h2^-1*h1^-1*h4*h5\
*h2^-1*h3*h1*h2*h1^-1*h2^-1*h1^-1*h3^-1*h2*h5^-1*h4^-1*h1*h2*h1*h2^-1*h1^-1*h4\
*h5*h1*h2*h5^-1*h4^-1*h1*h2*h1^-1*h2^-1*h1^-1*h4*h5*h2^-1*h3*h1*h2*h1*h2^-1*h1\
^-1*h3^-1*h2*h5^-1*h4^-1*h1*h2*h1*h2^-1*h1^-1*h4*h5*h2^-1*h1^-1*h5^-1*h4^-1*h1\
*h2*h1^-1*h2^-1*h1^-1*h4*h5*h2^-1*h3*h1*h2*h1*h2^-1*h1^-1*h3^-1*h2*h5^-1*h4^-1\
*h1*h2*h1*h2^-1*h1^-1*h4*h5*h1*h2*h5^-1*h4^-1*h1*h2*h1^-1*h2^-1*h1^-1*h4*h5*h2\
^-1*h3*h1*h2*h1^-1*h2^-1*h1^-1*h7*h6*h4*h5*h2^-1*h1^-1*h5^-1*h4^-1*h1*h2*h1^-1\
*h2^-1*h1^-1*h4*h5*h2^-1*h3*(h1*h2*h1*h2^-1*h1^-1*h3^-1*h2*h5^-1*h4^-1)^2*h1*h\
2*h1*(h2^-1*h1^-1*h4*h5*h2^-1*h3*h1*h2*h1^-1)^2*h2^-1*h1^-1*h3^-1*h2*h5^-1*h4^\
-1*h1*h2*h1*h2^-1*h1^-1*h4*h5*h1*h2*h5^-1*h4^-1*h3^-1*h1^-1*h5^-1*h4^-1*h1*h2*\
h1^-1*h2^-1*h1^-1*h4*h5*h2^-1*h3*h1*h2*h1^-1*h2^-1*h1^-1
alpha_s_grid_N = h3^-1*h2*h5^-1*h4^-1*(h1*h2*h1*h2^-1*h1^-1*h3^-1*h2*h5^-1*h4^\
-1*h1*h2*h1*h2^-1*h1^-1*h4*h5*h1*h3*h4*h5*h2^-1*h1^-1*h5^-1*h4^-1*h1*h2*h1^-1*\
h2^-1*h1^-1*h4*h5*h2^-1*h3*(h1*h2*h1*h2^-1*h1^-1*h3^-1*h2*h5^-1*h4^-1)^2*(h1*h\
2*h1^-1*h2^-1*h1^-1*h4*h5*h2^-1*h3)^2*h1*h2*h1^-1*h2^-1*h1^-1*h3^-1*h2*h5^-1*h\
4^-1*h1*h2*h1*h2^-1*h1^-1*h4*h5*h1*h2*h5^-1*h4^-1*h6^-1*h7^-1*h1*h2*h1*h2^-1*h\
1^-1*h3^-1*h2*h5^-1*h4^-1*h1*h2*h1*h2^-1*h1^-1*h4*h5*h2^-1*h1^-1*h5^-1*h4^-1*h\
1*h2*h1^-1*h2^-1*h1^-1*h4*h5*h2^-1*h3*h1*h2*h1^-1*h2^-1*h1^-1*h3^-1*h2*h5^-1*h\
4^-1*h1*h2*h1*h2^-1*h1^-1*h4*h5*h1*h2*h5^-1*h4^-1*h1*h2*h1^-1*h2^-1*h1^-1*h4*h\
5*h2^-1*h3*h1*h2*h1*h2^-1*h1^-1*h3^-1*h2*h5^-1*h4^-1*h1*h2*h1*h2^-1*h1^-1*h4*h\
5*h2^-1*h1^-1*h5^-1*h4^-1*h1*h2*h1^-1*h2^-1*h1^-1*h4*h5*h2^-1*h3*h1*h2*h1*h2^-\
1*h1^-1*h3^-1*h2*h5^-1*h4^-1*h1*h2*h1*h2^-1*h1^-1*h4*h5*h1*h2*h5^-1*h4^-1*h1*h\
2*h1^-1*h2^-1*h1^-1*h4*h5*h2^-1*h3*h1*h2*h1^-1*h2^-1*h1^-1*h7*h6*h4*h5*h2^-1*h\
1^-1*h5^-1*h4^-1*h1*h2*h1^-1*h2^-1*h1^-1*h4*h5*h2^-1*h3*(h1*h2*h1*h2^-1*h1^-1*\
h3^-1*h2*h5^-1*h4^-1)^2*h1*h2*h1*(h2^-1*h1^-1*h4*h5*h2^-1*h3*h1*h2*h1^-1)^2*h2\
^-1*h1^-1*h3^-1*h2*h5^-1*h4^-1*h1*h2*h1*h2^-1*h1^-1*h4*h5*h1*h2*h5^-1*h4^-1*h3\
^-1*h1^-1*h5^-1*h4^-1*h1*h2*h1^-1*h2^-1*h1^-1*h4*h5*h2^-1*h3*h1*h2*h1^-1*h2^-1\
*h1^-1*h4*h5*h1*h3*h4*h5*h2^-1*h1^-1*h5^-1*h4^-1*h1*h2*h1^-1*h2^-1*h1^-1*h4*h5\
*h2^-1*h3*(h1*h2*h1*h2^-1*h1^-1*h3^-1*h2*h5^-1*h4^-1)^2*(h1*h2*h1^-1*h2^-1*h1^\
-1*h4*h5*h2^-1*h3)^2*h1*h2*h1^-1*h2^-1*h1^-1*h3^-1*h2*h5^-1*h4^-1*h1*h2*h1*h2^\
-1*h1^-1*h4*h5*h1*h2*h5^-1*h4^-1*h6^-1*h7^-1*h1*h2*h1*h2^-1*h1^-1*h3^-1*h2*h5^\
-1*h4^-1*h1*h2*h1*h2^-1*h1^-1*h4*h5*h2^-1*h1^-1*h5^-1*h4^-1*h1*h2*h1^-1*h2^-1*\
h1^-1*h4*h5*h2^-1*h3*h1*h2*h1^-1*h2^-1*h1^-1*h3^-1*h2*h5^-1*h4^-1*h1*h2*h1*h2^\
-1*h1^-1*h4*h5*h1*h2*h5^-1*h4^-1*h1*h2*h1^-1*h2^-1*h1^-1*h4*h5*h2^-1*h3*h1*h2*\
h1^-1*h2^-1*h1^-1*h3^-1*h2*h5^-1*h4^-1*h1*h2*h1*h2^-1*h1^-1*h4*h5*h2^-1*h1^-1*\
h5^-1*h4^-1*h1*h2*h1^-1*h2^-1*h1^-1*h4*h5*h2^-1*h3*h1*h2*h1*h2^-1*h1^-1*h3^-1*\
h2*h5^-1*h4^-1*h1*h2*h1*h2^-1*h1^-1*h4*h5*h1*h2*h5^-1*h4^-1*h1*h2*h1^-1*h2^-1*\
h1^-1*h4*h5*h2^-1*h3*h1*h2*h1^-1*h2^-1*h1^-1*h7*h6*h4*h5*h2^-1*h1^-1*h5^-1*h4^\
-1*h1*h2*h1^-1*h2^-1*h1^-1*h4*h5*h2^-1*h3*(h1*h2*h1*h2^-1*h1^-1*h3^-1*h2*h5^-1\
*h4^-1)^2*h1*h2*h1*(h2^-1*h1^-1*h4*h5*h2^-1*h3*h1*h2*h1^-1)^2*h2^-1*h1^-1*h3^-\
1*h2*h5^-1*h4^-1*h1*h2*h1*h2^-1*h1^-1*h4*h5*h1*h2*h5^-1*h4^-1*h3^-1*h1^-1*h5^-\
1*h4^-1*h1*h2*h1^-1*h2^-1*h1^-1*h4*h5*h2^-1*h3)^2*h1*h2*h1*h2^-1*h1^-1*h3^-1*h\
2*h5^-1*h4^-1*h1*h2*h1*h2^-1*h1^-1
lb_b_s2 = h1*h2*h1^-1*h2^-1*h1^-1*h4*h5*h2^-1*h3*h1*h2*h1^-1*h2^-1*h1^-1*h3^-1\
*h2*h5^-1*h4^-1*h1*h2*h1*h2^-1*h1^-1*h4*h5*h1*h3*h4*h5*h2^-1*h1^-1*h5^-1*h4^-1\
*h1*h2*h1^-1*h2^-1*h1^-1*h4*h5*h2^-1*h3*(h1*h2*h1*h2^-1*h1^-1*h3^-1*h2*h5^-1*h\
4^-1)^2*(h1*h2*h1^-1*h2^-1*h1^-1*h4*h5*h2^-1*h3)^2*h1*h2*h1^-1*h2^-1*h1^-1*h3^\
-1*h2*h5^-1*h4^-1*h1*h2*h1*h2^-1*h1^-1*h4*h5*h1*h2*h5^-1*h4^-1*h6^-1*h7^-1*h1*\
h2*h1*h2^-1*h1^-1*h3^-1*h2*h5^-1*h4^-1*h1*h2*h1*h2^-1*h1^-1*h4*h5*h2^-1*h1^-1*\
h5^-1*h4^-1*h1*h2*h1^-1*h2^-1*h1^-1*h4*h5*h2^-1*h3*h1*h2*h1^-1*h2^-1*h1^-1*h3^\
-1*h2*h5^-1*h4^-1*h1*h2*h1*h2^-1*h1^-1*h4*h5*h1*h2*h5^-1*h4^-1*h1*h2*h1^-1*h2^\
-1*h1^-1*h4*h5*h2^-1*h3*h1*h2*h1*h2^-1*h1^-1*h3^-1*h2*h5^-1*h4^-1*h1*h2*h1*h2^\
-1*h1^-1*h4*h5*h2^-1*h1^-1*h5^-1*h4^-1*h1*h2*h1^-1*h2^-1*h1^-1*h4*h5*h2^-1*h3*\
h1*h2*h1*h2^-1*h1^-1*h3^-1*h2*h5^-1*h4^-1*h1*h2*h1*h2^-1*h1^-1*h4*h5*h1*h2*h5^\
-1*h4^-1*h1*h2*h1^-1*h2^-1*h1^-1*h4*h5*h2^-1*h3*h1*h2*h1^-1*h2^-1*h1^-1*h7*h6*\
h4*h5*h2^-1*h1^-1*h5^-1*h4^-1*h1*h2*h1^-1*h2^-1*h1^-1*h4*h5*h2^-1*h3*(h1*h2*h1\
*h2^-1*h1^-1*h3^-1*h2*h5^-1*h4^-1)^2*h1*h2*h1*(h2^-1*h1^-1*h4*h5*h2^-1*h3*h1*h\
2*h1^-1)^2*h2^-1*h1^-1*h3^-1*h2*h5^-1*h4^-1*h1*h2*h1*h2^-1*h1^-1*h4*h5*h1*h2*h\
5^-1*h4^-1*h3^-1*h1^-1*h5^-1*h4^-1*h1*h2*h1*h2^-1*h1^-1*h3^-1*h2*h5^-1*h4^-1*h\
1*h2*h1*h2^-1*h1^-1*h4*h5*h1*h3*h4*h5*h2^-1*h1^-1*h5^-1*h4^-1*h1*h2*h1^-1*h2^-\
1*h1^-1*h4*h5*h2^-1*h3*(h1*h2*h1*h2^-1*h1^-1*h3^-1*h2*h5^-1*h4^-1)^2*(h1*h2*h1\
^-1*h2^-1*h1^-1*h4*h5*h2^-1*h3)^2*h1*h2*h1^-1*h2^-1*h1^-1*h3^-1*h2*h5^-1*h4^-1\
*h1*h2*h1*h2^-1*h1^-1*h4*h5*h1*h2*h5^-1*h4^-1*h6^-1*h7^-1*h1*h2*h1*h2^-1*h1^-1\
*h3^-1*h2*h5^-1*h4^-1*h1*h2*h1*h2^-1*h1^-1*h4*h5*h2^-1*h1^-1*h5^-1*h4^-1*h1*h2\
*h1^-1*h2^-1*h1^-1*h4*h5*h2^-1*h3*h1*h2*h1^-1*h2^-1*h1^-1*h3^-1*h2*h5^-1*h4^-1\
*h1*h2*h1*h2^-1*h1^-1*h4*h5*h1*h2*h5^-1*h4^-1*h1*h2*h1^-1*h2^-1*h1^-1*h4*h5*h2\
^-1*h3*h1*h2*h1^-1*h2^-1*h1^-1*h3^-1*h2*h5^-1*h4^-1*h1*h2*h1*h2^-1*h1^-1*h4*h5\
*h2^-1*h1^-1*h5^-1*h4^-1*h1*h2*h1^-1*h2^-1*h1^-1*h4*h5*h2^-1*h3*h1*h2*h1*h2^-1\
*h1^-1*h3^-1*h2*h5^-1*h4^-1*h1*h2*h1*h2^-1*h1^-1*h4*h5*h1*h2*h5^-1*h4^-1*h1*h2\
*h1^-1*h2^-1*h1^-1*h4*h5*h2^-1*h3*h1*h2*h1^-1*h2^-1*h1^-1*h7*h6*h4*h5*h2^-1*h1\
^-1*h5^-1*h4^-1*h1*h2*h1^-1*h2^-1*h1^-1*h4*h5*h2^-1*h3*(h1*h2*h1*h2^-1*h1^-1*h\
3^-1*h2*h5^-1*h4^-1)^2*h1*h2*h1*(h2^-1*h1^-1*h4*h5*h2^-1*h3*h1*h2*h1^-1)^2*h2^\
-1*h1^-1*h3^-1*h2*h5^-1*h4^-1*h1*h2*h1*h2^-1*h1^-1*h4*h5*h1*h2*h5^-1*h4^-1*h3^\
-1*h1^-1*h5^-1*h4^-1*h1*h2*h1^-1*h2^-1*h1^-1*h4*h5*h2^-1*h3*h1*h2*h1*h2^-1*h1^\
-1*h3^-1*h2*h5^-1*h4^-1*h1*h2*h1*h2^-1*h1^-1*h4*h5*h2^-1*h1^-1*h5^-1*h4^-1*h1*\
h2*h1^-1*h2^-1*h1^-1*h4*h5*h2^-1*h3*h1*h2*h1*h2^-1*h1^-1*h3^-1*h2*h5^-1*h4^-1*\
h1*h2*h1*h2^-1*h1^-1*h4*h5*h1*h2*h5^-1*h4^-1*h1*h2*h1^-1*h2^-1*h1^-1*h4*h5*h2^\
-1*h3*h1*h2*h1^-1*h2^-1*h1^-1*h7*h6*h4*h5*h2^-1*h1^-1*h5^-1*h4^-1*h1*h2*h1^-1*\
h2^-1*h1^-1*h4*h5*h2^-1*h3*(h1*h2*h1*h2^-1*h1^-1*h3^-1*h2*h5^-1*h4^-1)^2*h1*h2\
*h1*(h2^-1*h1^-1*h4*h5*h2^-1*h3*h1*h2*h1^-1)^2*h2^-1*h1^-1*h3^-1*h2*h5^-1*h4^-\
1*h1*h2*h1*h2^-1*h1^-1*h4*h5*h1*h2*h5^-1*h4^-1*h3^-1*h1^-1*h5^-1*h4^-1*h1*h2*h\
1^-1*h2^-1*h1^-1*h4*h5*h2^-1*h3*h1*h2*h1^-1*h2^-1*h1^-1*h4*h5*h1*h3*h4*h5*h2^-\
1*h1^-1*h5^-1*h4^-1*h1*h2*h1^-1*h2^-1*h1^-1*h4*h5*h2^-1*h3*(h1*h2*h1*h2^-1*h1^\
-1*h3^-1*h2*h5^-1*h4^-1)^2*(h1*h2*h1^-1*h2^-1*h1^-1*h4*h5*h2^-1*h3)^2*h1*h2*h1\
^-1*h2^-1*h1^-1*h3^-1*h2*h5^-1*h4^-1*h1*h2*h1*h2^-1*h1^-1*h4*h5*h1*h2*h5^-1*h4\
^-1*h6^-1*h7^-1*h1*h2*h1*h2^-1*h1^-1*h3^-1*h2*h5^-1*h4^-1*h1*h2*h1*h2^-1*h1^-1\
*h4*h5*h2^-1*h1^-1*h5^-1*h4^-1*h1*h2*h1^-1*h2^-1*h1^-1*h4*h5*h2^-1*h3*h1*h2*h1\
^-1*h2^-1*h1^-1*h3^-1*h2*h5^-1*h4^-1*h1*h2*h1*h2^-1*h1^-1*h4*h5*h1*h2*h5^-1*h4\
^-1*h1*h2*h1^-1*h2^-1*h1^-1*h4*h5*h2^-1*h3*h1*h2*h1^-1*h2^-1*h1^-1*h3^-1*h2*h5\
^-1*h4^-1*h1*h2*h1*h2^-1*h1^-1*h4*h5*h2^-1*h1^-1*h5^-1*h4^-1*h1*h2*h1^-1*h2^-1\
*h1^-1*h4*h5*h2^-1*h3*h1*h2*h1*h2^-1*h1^-1*h3^-1*h2*h5^-1*h4^-1*h1*h2*h1*h2^-1\
*h1^-1*h4*h5*h1*h2*h5^-1*h4^-1*h1*h2*h1^-1*h2^-1*h1^-1*h4*h5*h2^-1*h3*h1*h2*h1\
^-1*h2^-1*h1^-1*h7*h6*h4*h5*h2^-1*h1^-1*h5^-1*h4^-1*h1*h2*h1^-1*h2^-1*h1^-1*h4\
*h5*h2^-1*h3*(h1*h2*h1*h2^-1*h1^-1*h3^-1*h2*h5^-1*h4^-1)^2*h1*h2*h1*(h2^-1*h1^\
-1*h4*h5*h2^-1*h3*h1*h2*h1^-1)^2*h2^-1*h1^-1*h3^-1*h2*h5^-1*h4^-1*h1*h2*h1*h2^\
-1*h1^-1*h4*h5*h1*h2*h5^-1*h4^-1*h3^-1*h1^-1*h5^-1*h4^-1*h1*h2*h1^-1*h2^-1*h1^\
-1*h4*h5*h2^-1*h3*h1*h2*h1*h2^-1*h1^-1*h3^-1*h2*h5^-1*h4^-1*h1*h2*h1*h2^-1*h1^\
-1
mu_b = h4*h5*h2^-1*h3*h4*h5*h1*h3*h4*h5*h2^-1*h1^-1*h5^-1*h4^-1*h1*h2*h1^-1*h2\
^-1*h1^-1*h4*h5*h2^-1*h3*(h1*h2*h1*h2^-1*h1^-1*h3^-1*h2*h5^-1*h4^-1)^2*(h1*h2*\
h1^-1*h2^-1*h1^-1*h4*h5*h2^-1*h3)^2*h1*h2*h1^-1*h2^-1*h1^-1*h3^-1*h2*h5^-1*h4^\
-1*h1*h2*h1*h2^-1*h1^-1*h4*h5*h1*h2*h5^-1*h4^-1*h6^-1*h7^-1*h1*h2*h1*h2^-1*h1^\
-1*h3^-1*h2*h5^-1*h4^-1*h1*h2*h1*h2^-1*h1^-1*h4*h5*h2^-1*h1^-1*h5^-1*h4^-1*h1*\
h2*h1^-1*h2^-1*h1^-1*h4*h5*h2^-1*h3*h1*h2*h1^-1*h2^-1*h1^-1*h3^-1*h2*h5^-1*h4^\
-1*h1*h2*h1*h2^-1*h1^-1*h4*h5*h1*h2*h5^-1*h4^-1*h1*h2*h1^-1*h2^-1*h1^-1*h4*h5*\
h2^-1*h3*h1*h2*h1^-1*h2^-1*h1^-1*h3^-1*h2*h5^-1*h4^-1*h1*h2*h1*h2^-1*h1^-1*h4*\
h5*h2^-1*h1^-1*h5^-1*h4^-1*h1*h2*h1^-1*h2^-1*h1^-1*h4*h5*h2^-1*h3*h1*h2*h1*h2^\
-1*h1^-1*h3^-1*h2*h5^-1*h4^-1*h1*h2*h1*h2^-1*h1^-1*h4*h5*h1*h2*h5^-1*h4^-1*h1*\
h2*h1^-1*h2^-1*h1^-1*h4*h5*h2^-1*h3*h1*h2*h1^-1*h2^-1*h1^-1*h7*h6*h4*h5*h2^-1*\
h1^-1*h5^-1*h4^-1*h1*h2*h1^-1*h2^-1*h1^-1*h4*h5*h2^-1*h3*(h1*h2*h1*h2^-1*h1^-1\
*h3^-1*h2*h5^-1*h4^-1)^2*h1*h2*h1*(h2^-1*h1^-1*h4*h5*h2^-1*h3*h1*h2*h1^-1)^2*h\
2^-1*h1^-1*h3^-1*h2*h5^-1*h4^-1*h1*h2*h1*h2^-1*h1^-1*h4*h5*h1*h2*h5^-1*h4^-1*h\
3^-1*h1^-1*h5^-1*h4^-1*h1*h2*h1^-1*h2^-1*h1^-1*h4*h5*h2^-1*h3*(h1*h2*h1*h2^-1*\
h1^-1*h3^-1*h2*h5^-1*h4^-1)^3*h1*h2*h1*h2^-1*h1^-1*h4*h5*h1*h3*h4*h5*h2^-1*h1^\
-1*h5^-1*h4^-1*h1*h2*h1^-1*h2^-1*h1^-1*h4*h5*h2^-1*h3*(h1*h2*h1*h2^-1*h1^-1*h3\
^-1*h2*h5^-1*h4^-1)^2*(h1*h2*h1^-1*h2^-1*h1^-1*h4*h5*h2^-1*h3)^2*h1*h2*h1^-1*h\
2^-1*h1^-1*h3^-1*h2*h5^-1*h4^-1*h1*h2*h1*h2^-1*h1^-1*h4*h5*h1*h2*h5^-1*h4^-1*h\
6^-1*h7^-1*h1*h2*h1*h2^-1*h1^-1*h3^-1*h2*h5^-1*h4^-1*h1*h2*h1*h2^-1*h1^-1*h4*h\
5*h2^-1*h1^-1*h5^-1*h4^-1*h1*h2*h1^-1*h2^-1*h1^-1*h4*h5*h2^-1*h3*h1*h2*h1^-1*h\
2^-1*h1^-1*h3^-1*h2*h5^-1*h4^-1*h1*h2*h1*h2^-1*h1^-1*h4*h5*h1*h2*h5^-1*h4^-1*h\
1*h2*h1^-1*h2^-1*h1^-1*h4*h5*h2^-1*h3*h1*h2*h1*h2^-1*h1^-1*h3^-1*h2*h5^-1*h4^-\
1*h1*h2*h1*h2^-1*h1^-1*h4*h5*h2^-1*h1^-1*h5^-1*h4^-1*h1*h2*h1^-1*h2^-1*h1^-1*h\
4*h5*h2^-1*h3*h1*h2*h1*h2^-1*h1^-1*h3^-1*h2*h5^-1*h4^-1*h1*h2*h1*h2^-1*h1^-1*h\
4*h5*h1*h2*h5^-1*h4^-1*h1*h2*h1^-1*h2^-1*h1^-1*h4*h5*h2^-1*h3*h1*h2*h1^-1*h2^-\
1*h1^-1*h7*h6*h4*h5*h2^-1*h1^-1*h5^-1*h4^-1*h1*h2*h1^-1*h2^-1*h1^-1*h4*h5*h2^-\
1*h3*(h1*h2*h1*h2^-1*h1^-1*h3^-1*h2*h5^-1*h4^-1)^2*h1*h2*h1*(h2^-1*h1^-1*h4*h5\
*h2^-1*h3*h1*h2*h1^-1)^2*h2^-1*h1^-1*h3^-1*h2*h5^-1*h4^-1*h1*h2*h1*h2^-1*h1^-1\
*h4*h5*h1*h2*h5^-1*h4^-1*h3^-1*h1^-1*h5^-1*h4^-1*h1*h2*h1^-1*h2^-1*h1^-1*h4*h5\
*h2^-1*h3*h1*h2*h1^-1*h2^-1*h1^-1*h4*h5*h1*h3*h4*h5*h2^-1*h1^-1*h5^-1*h4^-1*h1\
*h2*h1^-1*h2^-1*h1^-1*h4*h5*h2^-1*h3*(h1*h2*h1*h2^-1*h1^-1*h3^-1*h2*h5^-1*h4^-\
1)^2*(h1*h2*h1^-1*h2^-1*h1^-1*h4*h5*h2^-1*h3)^2*h1*h2*h1^-1*h2^-1*h1^-1*h3^-1*\
h2*h5^-1*h4^-1*h1*h2*h1*h2^-1*h1^-1*h4*h5*h1*h2*h5^-1*h4^-1*h6^-1*h7^-1*h1*h2*\
h1*h2^-1*h1^-1*h3^-1*h2*h5^-1*h4^-1*h1*h2*h1*h2^-1*h1^-1*h4*h5*h2^-1*h1^-1*h5^\
-1*h4^-1*h1*h2*h1^-1*h2^-1*h1^-1*h4*h5*h2^-1*h3*h1*h2*h1^-1*h2^-1*h1^-1*h3^-1*\
h2*h5^-1*h4^-1*h1*h2*h1*h2^-1*h1^-1*h4*h5*h1*h2*h5^-1*h4^-1*h1*h2*h1^-1*h2^-1*\
h1^-1*h4*h5*h2^-1*h3*h1*h2*h1^-1*h2^-1*h1^-1*h3^-1*h2*h5^-1*h4^-1*h1*h2*h1*h2^\
-1*h1^-1*h4*h5*h2^-1*h1^-1*h5^-1*h4^-1*h1*h2*h1^-1*h2^-1*h1^-1*h4*h5*h2^-1*h3*\
h1*h2*h1*h2^-1*h1^-1*h3^-1*h2*h5^-1*h4^-1*h1*h2*h1*h2^-1*h1^-1*h4*h5*h1*h2*h5^\
-1*h4^-1*h1*h2*h1^-1*h2^-1*h1^-1*h4*h5*h2^-1*h3*h1*h2*h1^-1*h2^-1*h1^-1*h7*h6*\
h4*h5*h2^-1*h1^-1*h5^-1*h4^-1*h1*h2*h1^-1*h2^-1*h1^-1*h4*h5*h2^-1*h3*(h1*h2*h1\
*h2^-1*h1^-1*h3^-1*h2*h5^-1*h4^-1)^2*h1*h2*h1*(h2^-1*h1^-1*h4*h5*h2^-1*h3*h1*h\
2*h1^-1)^2*h2^-1*h1^-1*h3^-1*h2*h5^-1*h4^-1*h1*h2*h1*h2^-1*h1^-1*h4*h5*h1*h2*h\
5^-1*h4^-1*h3^-1*h1^-1*h5^-1*h4^-1*h1*h2*h1^-1*h2^-1*h1^-1*h4*h5*h2^-1*h3*h1*h\
2*h1*h2^-1*h1^-1*h3^-1*h2*h5^-1*h4^-1*h1*h2*h1*h2^-1*h1^-1*h4*h5*h1*h3*h4*h5*h\
2^-1*h1^-1*h5^-1*h4^-1*h1*h2*h1^-1*h2^-1*h1^-1*h4*h5*h2^-1*h3*(h1*h2*h1*h2^-1*\
h1^-1*h3^-1*h2*h5^-1*h4^-1)^2*(h1*h2*h1^-1*h2^-1*h1^-1*h4*h5*h2^-1*h3)^2*h1*h2\
*h1^-1*h2^-1*h1^-1*h3^-1*h2*h5^-1*h4^-1*h1*h2*h1*h2^-1*h1^-1*h4*h5*h1*h2*h5^-1\
*h4^-1*h6^-1*h7^-1*h1*h2*h1*h2^-1*h1^-1*h3^-1*h2*h5^-1*h4^-1*h1*h2*h1*h2^-1*h1\
^-1*h4*h5*h2^-1*h1^-1*h5^-1*h4^-1*h1*h2*h1^-1*h2^-1*h1^-1*h4*h5*h2^-1*h3*h1*h2\
*h1^-1*h2^-1*h1^-1*h3^-1*h2*h5^-1*h4^-1*h1*h2*h1*h2^-1*h1^-1*h4*h5*h1*h2*h5^-1\
*h4^-1*h1*h2*h1^-1*h2^-1*h1^-1*h4*h5*h2^-1*h3*h1*h2*h1*h2^-1*h1^-1*h3^-1*h2*h5\
^-1*h4^-1*h1*h2*h1*h2^-1*h1^-1*h4*h5*h2^-1*h1^-1*h5^-1*h4^-1*h1*h2*h1^-1*h2^-1\
*h1^-1*h4*h5*h2^-1*h3*h1*h2*h1*h2^-1*h1^-1*h3^-1*h2*h5^-1*h4^-1*h1*h2*h1*h2^-1\
*h1^-1*h4*h5*h1*h2*h5^-1*h4^-1*h1*h2*h1^-1*h2^-1*h1^-1*h4*h5*h2^-1*h3*h1*h2*h1\
^-1*h2^-1*h1^-1*h7*h6*h4*h5*h2^-1*h1^-1*h5^-1*h4^-1*h1*h2*h1^-1*h2^-1*h1^-1*h4\
*h5*h2^-1*h3*(h1*h2*h1*h2^-1*h1^-1*h3^-1*h2*h5^-1*h4^-1)^2*h1*h2*h1*(h2^-1*h1^\
-1*h4*h5*h2^-1*h3*h1*h2*h1^-1)^2*h2^-1*h1^-1*h3^-1*h2*h5^-1*h4^-1*h1*h2*h1*h2^\
-1*h1^-1*h4*h5*h1*h2*h5^-1*h4^-1*h3^-1*h1^-1*h5^-1*h4^-1*h1*h2*h1^-1*h2^-1*h1^\
-1*h4*h5*h2^-1*h3*h1*h2*h1^-1*h2^-1*h1^-1*h3^-1*h2*h5^-1*h4^-1
lb_b = h4*h5*h1*h3*h4*h5*h2^-1*h1^-1*h5^-1*h4^-1*h1*h2*h1^-1*h2^-1*h1^-1*h4*h5\
*h2^-1*h3*(h1*h2*h1*h2^-1*h1^-1*h3^-1*h2*h5^-1*h4^-1)^2*(h1*h2*h1^-1*h2^-1*h1^\
-1*h4*h5*h2^-1*h3)^2*h1*h2*h1^-1*h2^-1*h1^-1*h3^-1*h2*h5^-1*h4^-1*h1*h2*h1*h2^\
-1*h1^-1*h4*h5*h1*h2*h5^-1*h4^-1*h6^-1*h7^-1*h1*h2*h1*h2^-1*h1^-1*h3^-1*h2*h5^\
-1*h4^-1*h1*h2*h1*h2^-1*h1^-1*h4*h5*h2^-1*h1^-1*h5^-1*h4^-1*h1*h2*h1^-1*h2^-1*\
h1^-1*h4*h5*h2^-1*h3*h1*h2*h1^-1*h2^-1*h1^-1*h3^-1*h2*h5^-1*h4^-1*h1*h2*h1*h2^\
-1*h1^-1*h4*h5*h1*h2*h5^-1*h4^-1*h1*h2*h1^-1*h2^-1*h1^-1*h4*h5*h2^-1*h3*h1*h2*\
h1^-1*h2^-1*h1^-1*h3^-1*h2*h5^-1*h4^-1*h1*h2*h1*h2^-1*h1^-1*h3^-1*h2*h5^-1*h4^\
-1*h1*h2*h1^-1*h2^-1*h1^-1*h4*h5*h2^-1*h3*h1*h2*h1*h2^-1*h1^-1*h3^-1*h2*h5^-1*\
h4^-1*h1*h2*h1*h2^-1*h1^-1*h4*h5*h2^-1*h1^-1*h5^-1*h4^-1*h1*h2*h1^-1*h2^-1*h1^\
-1*h4*h5*h2^-1*h3*h1*h2*h1*h2^-1*h1^-1*h3^-1*h2*h5^-1*h4^-1*h1*h2*h1*h2^-1*h1^\
-1*h4*h5*h1*h2*h5^-1*h4^-1*h1*h2*h1^-1*h2^-1*h1^-1*h4*h5*h2^-1*h3*h1*h2*h1^-1*\
h2^-1*h1^-1*h7*h6*h4*h5*h2^-1*h1^-1*h5^-1*h4^-1*h1*h2*h1^-1*h2^-1*h1^-1*h4*h5*\
h2^-1*h3*(h1*h2*h1*h2^-1*h1^-1*h3^-1*h2*h5^-1*h4^-1)^2*h1*h2*h1*(h2^-1*h1^-1*h\
4*h5*h2^-1*h3*h1*h2*h1^-1)^2*h2^-1*h1^-1*h3^-1*h2*h5^-1*h4^-1*h1*h2*h1*h2^-1*h\
1^-1*h4*h5*h1*h2*h5^-1*h4^-1*h3^-1*h1^-1*h2^-1*h3*h1*h2*h1*h2^-1*h1^-1*h3^-1*h\
2*h5^-1*h4^-1*h1*h2*h1*h2^-1*h1^-1*h4*h5*h1*h3*h4*h5*h2^-1*h1^-1*h5^-1*h4^-1*h\
1*h2*h1^-1*h2^-1*h1^-1*h4*h5*h2^-1*h3*(h1*h2*h1*h2^-1*h1^-1*h3^-1*h2*h5^-1*h4^\
-1)^2*(h1*h2*h1^-1*h2^-1*h1^-1*h4*h5*h2^-1*h3)^2*h1*h2*h1^-1*h2^-1*h1^-1*h3^-1\
*h2*h5^-1*h4^-1*h1*h2*h1*h2^-1*h1^-1*h4*h5*h1*h2*h5^-1*h4^-1*h6^-1*h7^-1*h1*h2\
*h1*h2^-1*h1^-1*h3^-1*h2*h5^-1*h4^-1*h1*h2*h1*h2^-1*h1^-1*h4*h5*h2^-1*h1^-1*h5\
^-1*h4^-1*h1*h2*h1^-1*h2^-1*h1^-1*h4*h5*h2^-1*h3*h1*h2*h1^-1*h2^-1*h1^-1*h3^-1\
*h2*h5^-1*h4^-1*h1*h2*h1*h2^-1*h1^-1*h4*h5*h1*h2*h5^-1*h4^-1*h1*h2*h1^-1*h2^-1\
*h1^-1*h4*h5*h2^-1*h3*h1*h2*h1^-1*h2^-1*h1^-1*h3^-1*h2*h5^-1*h4^-1*h1*h2*h1*h2\
^-1*h1^-1*h4*h5*h1*h3*h4*h5*h2^-1*h1^-1*h5^-1*h4^-1*h1*h2*h1^-1*h2^-1*h1^-1*h4\
*h5*h2^-1*h3*(h1*h2*h1*h2^-1*h1^-1*h3^-1*h2*h5^-1*h4^-1)^2*(h1*h2*h1^-1*h2^-1*\
h1^-1*h4*h5*h2^-1*h3)^2*h1*h2*h1^-1*h2^-1*h1^-1*h3^-1*h2*h5^-1*h4^-1*h1*h2*h1*\
h2^-1*h1^-1*h4*h5*h1*h2*h5^-1*h4^-1*h6^-1*h7^-1*h1*h2*h1*h2^-1*h1^-1*h3^-1*h2*\
h5^-1*h4^-1*h1*h2*h1*h2^-1*h1^-1*h4*h5*h2^-1*h1^-1*h5^-1*h4^-1*h1*h2*h1^-1*h2^\
-1*h1^-1*h4*h5*h2^-1*h3*h1*h2*h1^-1*h2^-1*h1^-1*h3^-1*h2*h5^-1*h4^-1*h1*h2*h1*\
h2^-1*h1^-1*h4*h5*h1*h2*h5^-1*h4^-1*h1*h2*h1^-1*h2^-1*h1^-1*h4*h5*h2^-1*h3*h1*\
h2*h1*h2^-1*h1^-1*h3^-1*h2*h5^-1*h4^-1*h1*h2*h1*h2^-1*h1^-1*h4*h5*h2^-1*h1^-1*\
h5^-1*h4^-1*h1*h2*h1^-1*h2^-1*h1^-1*h4*h5*h2^-1*h3*h1*h2*h1*h2^-1*h1^-1*h3^-1*\
h2*h5^-1*h4^-1*h1*h2*h1*h2^-1*h1^-1*h4*h5*h1*h2*h5^-1*h4^-1*h1*h2*h1^-1*h2^-1*\
h1^-1*h4*h5*h2^-1*h3*h1*h2*h1^-1*h2^-1*h1^-1*h7*h6*h4*h5*h2^-1*h1^-1*h5^-1*h4^\
-1*h1*h2*h1^-1*h2^-1*h1^-1*h4*h5*h2^-1*h3*(h1*h2*h1*h2^-1*h1^-1*h3^-1*h2*h5^-1\
*h4^-1)^2*h1*h2*h1*(h2^-1*h1^-1*h4*h5*h2^-1*h3*h1*h2*h1^-1)^2*h2^-1*h1^-1*h3^-\
1*h2*h5^-1*h4^-1*h1*h2*h1*h2^-1*h1^-1*h4*h5*h1*h2*h5^-1*h4^-1*h3^-1*h1^-1*h5^-\
1*h4^-1*h1*h2*h1^-1*h2^-1*h1^-1*h4*h5*h2^-1*h3*h1*h2*h1^-1*h2^-1*h1^-1
relators of P:
  h5^-1*h3*h5*h1^-1
  h5*h3*h5^-1*h1^-1
  h4*h5*h2^-1*h5^-1
  h6*h3^-1*h6^-1*h3
  h5*h7*h1^-1*h5^-1*h7^-1*h3
  h1*h7*h5^-1*h3^-1*h7^-1*h5
  h7^-1*h5*h3^-1*h7*h3*h5^-1
  h7*h6*h2*h6^-1*h1^-1*h2^-1
  h4*h6^-1*h4^-1*h3^-1*h7*h6*h3
  h1*h7*h6*h2^-1*h1^-1*h4*h6^-1*h4^-1
  h3^-1*h6*h5*h1*h3*h5^-1*h2*h6^-1*h1^-1
  h2*h6^-1*h1^-1*h6*h1*h5*h2^-1*h1^-1*h5^-1*h3*h4
  h4*h3*h4^-1*h3^-1*h8^-1*h5*h4*h5^-1*h1*h2^-1*h1^-1
  h4*h3^-1*h4^-1*h3^-1*h5*h1*h2*h1*h2^-1*h1^-1*h5^-1*h3
  h3^-1*h6^-1*h7^-1*h5^2*h7*(h3*h5^-1)^2*h6*h2^-1*h1^-1
  h1*h2*h1*h2^-1*h1^-1*h3^-1*h5*h1*h2*h1*h2^-1*h1^-1*h3^-1*h5^-1
  h3*h4*h5*h6^-1*h1^-1*h5^-1*h7^-1*h2*h3*h5*h6*h5^-1*h4^-1*h3^-1*h2^-1
  h7*h6*h5*h1*h2*h1*h2^-1*h1^-1*h5^-1*h6^-1*h7^-1*h5^-1*h1*h2*h1^-1*h2^-1*h1^-\
1*h5
  h3^-1*h5*h1*h2*h1*h2^-1*h1^-1*h3^-1*h2*h1*h2^-1*h1^-1*h5^-1*h2*h6^-1*h1*h6*h\
2^-1*h1*h2^-1*h1^-1
