honest_y1_p1_p1 +a^2 ORDER 1
honest_y1_p1_p1 +b^2 ORDER 1
honest_y1_p1_p1 +(ab)^2 ORDER 1
honest_y1_p1_p1 +[a,b]^2 overflow
honest_y1_p1_p1 +a^3 ORDER 1
honest_y1_p1_p1 +b^3 ORDER 1
honest_y1_p1_p1 +(ab)^3 overflow
honest_y1_p1_p1 +[a,b]^3 overflow
honest_y1_p1_p1 +a^4 overflow
honest_y1_p1_p1 +b^4 ORDER 1
honest_y1_p1_p1 +(ab)^4 overflow
honest_y1_p1_p1 +[a,b]^4 overflow
honest_y1_p1_p1 +a^5 overflow
honest_y1_p1_p1 +b^5 ORDER 1
honest_y1_p1_p1 +(ab)^5 overflow
honest_y1_p1_p1 +[a,b]^5 overflow
honest_y1_p1_p1 +a^6 overflow
honest_y1_p1_p1 +b^6 overflow
honest_y1_p1_p1 +(ab)^6 overflow
honest_y1_p1_p1 +[a,b]^6 overflow
honest_y1_p1_p1 +a^7 overflow
honest_y1_p1_p1 +b^7 ORDER 1
