honest_y1_p1_p1 without MB: overflow at 200000 (expected)
honest_y1_p1_p1 with MB=1: INDEX 1
honest_y1_p1_p1 with [B,M]=1: INDEX 1
honest_y1_p1_m1 without MB: overflow at 200000 (expected)
honest_y1_p1_m1 with MB=1: INDEX 1
honest_y1_p1_m1 with [B,M]=1: INDEX 1
honest_y1_m1_p1 without MB: overflow at 200000 (expected)
honest_y1_m1_p1 with MB=1: INDEX 1
honest_y1_m1_p1 with [B,M]=1: INDEX 1
honest_y1_m1_m1 without MB: overflow at 200000 (expected)
honest_y1_m1_m1 with MB=1: INDEX 1
honest_y1_m1_m1 with [B,M]=1: INDEX 1
honest_y2_p1_p1 without MB: overflow at 200000 (expected)
honest_y2_p1_p1 with MB=1: INDEX 1
honest_y2_p1_p1 with [B,M]=1: INDEX 1
honest_y2_p1_m1 without MB: overflow at 200000 (expected)
honest_y2_p1_m1 with MB=1: INDEX 1
honest_y2_p1_m1 with [B,M]=1: INDEX 1
honest_y2_m1_p1 without MB: overflow at 200000 (expected)
honest_y2_m1_p1 with MB=1: INDEX 1
honest_y2_m1_p1 with [B,M]=1: INDEX 1
honest_y2_m1_m1 without MB: overflow at 200000 (expected)
honest_y2_m1_m1 with MB=1: INDEX 1
honest_y2_m1_m1 with [B,M]=1: INDEX 1
GAP exit 0
