simple A5 order 60: done
simple PSL(3,2) order 168: done
simple A6 order 360: done
simple PSL(2,8) order 504: done
simple PSL(2,11) order 660: done
simple PSL(2,13) order 1092: done
simple PSL(2,17) order 2448: done
simple A7 order 2520: done
simple PSL(2,19) order 3420: done
simple PSL(2,16) order 4080: done
simple PSL(3,3) order 5616: done
simple PSU(3,3) order 6048: done
simple PSL(2,23) order 6072: done
simple PSL(2,25) order 7800: done
simple M11 order 7920: done
simple PSL(2,27) order 9828: done
simple PSL(2,29) order 12180: done
simple PSL(2,31) order 14880: done
simple A8 order 20160: done
simple PSL(3,4) order 20160: done
simple PSL(2,37) order 25308: done
simple O(5,3) order 25920: done
simple Sz(8) order 29120: done
simple PSL(2,32) order 32736: done
simple PSL(2,41) order 34440: done
simple PSL(2,43) order 39732: done
simple PSL(2,47) order 51888: done
simple PSL(2,49) order 58800: done
simple PSU(3,4) order 62400: done
simple PSL(2,53) order 74412: done
simple M12 order 95040: done
simple PSL(2,59) order 102660: done
simple PSL(2,61) order 113460: done
simple PSU(3,5) order 126000: done
simple PSL(2,67) order 150348: done
simple J1 order 175560: done
simple PSL(2,71) order 178920: done
simple A9 order 181440: done
simple PSL(2,73) order 194472: done
simple PSL(2,79) order 246480: done
simple PSL(2,64) order 262080: done
simple PSL(2,81) order 265680: done
simple PSL(2,83) order 285852: done
simple PSL(2,89) order 352440: done
simple PSL(3,5) order 372000: done
simple M22 order 443520: done
simple PSL(2,97) order 456288: done
simple PSL(2,101) order 515100: done
simple PSL(2,103) order 546312: done
simple HJ order 604800: done
simple PSL(2,107) order 612468: done
simple PSL(2,109) order 647460: done
simple PSL(2,113) order 721392: done
