WARNING: The requested image's platform (linux/amd64) does not match the detected host platform (linux/arm64/v8) and no specific platform was requested

RAW_BATCH_BEGIN
CASE n0_y1_am1_bm1_jam1_jbm1
RESULT n0_y1_am1_bm1_jam1_jbm1 completed=true confluent=false generators_to_id\
entity=false
CASE n0_y1_am1_bp1_jam2_jbp0
RESULT n0_y1_am1_bp1_jam2_jbp0 completed=true confluent=true generators_to_ide\
ntity=true
CASE n0_y1_ap1_bm1_jap1_jbm1
RESULT n0_y1_ap1_bm1_jap1_jbm1 completed=true confluent=false generators_to_id\
entity=false
CASE n0_y1_ap1_bm1_jap2_jbp0
RESULT n0_y1_ap1_bm1_jap2_jbp0 completed=true confluent=true generators_to_ide\
ntity=true
CASE n0_y1_ap1_bp1_jap1_jbp0
RESULT n0_y1_ap1_bp1_jap1_jbp0 completed=true confluent=true generators_to_ide\
ntity=true
CASE n0_y1_ap1_bp1_jap1_jbp1
RESULT n0_y1_ap1_bp1_jap1_jbp1 completed=true confluent=false generators_to_id\
entity=false
CASE n0_y1_ap1_bp1_jap2_jbp0
RESULT n0_y1_ap1_bp1_jap2_jbp0 completed=true confluent=true generators_to_ide\
ntity=true
CASE n1_y2_am1_bm1_jam1_jbm1
RESULT n1_y2_am1_bm1_jam1_jbm1 completed=true confluent=true generators_to_ide\
ntity=true
CASE n1_y2_am1_bm1_jam2_jbp0
RESULT n1_y2_am1_bm1_jam2_jbp0 completed=true confluent=true generators_to_ide\
ntity=true
CASE n1_y2_am1_bp1_jam1_jbp0
RESULT n1_y2_am1_bp1_jam1_jbp0 completed=true confluent=false generators_to_id\
entity=false
CASE n1_y2_am1_bp1_jam1_jbp1
RESULT n1_y2_am1_bp1_jam1_jbp1 completed=true confluent=true generators_to_ide\
ntity=true
CASE n1_y2_am1_bp1_jam2_jbp0
RESULT n1_y2_am1_bp1_jam2_jbp0 completed=true confluent=true generators_to_ide\
ntity=true
CASE n1_y2_ap1_bm1_jap1_jbm1
RESULT n1_y2_ap1_bm1_jap1_jbm1 completed=true confluent=false generators_to_id\
entity=false
CASE n1_y2_ap1_bm1_jap1_jbp0
RESULT n1_y2_ap1_bm1_jap1_jbp0 completed=true confluent=true generators_to_ide\
ntity=true
CASE n1_y2_ap1_bm1_jap2_jbp0
RESULT n1_y2_ap1_bm1_jap2_jbp0 completed=true confluent=true generators_to_ide\
ntity=true
CASE n1_y2_ap1_bp1_jap1_jbp0
RESULT n1_y2_ap1_bp1_jap1_jbp0 completed=true confluent=true generators_to_ide\
ntity=true
CASE n1_y2_ap1_bp1_jap1_jbp1
RESULT n1_y2_ap1_bp1_jap1_jbp1 completed=true confluent=false generators_to_id\
entity=false
CASE n1_y2_ap1_bp1_jap2_jbp0
RESULT n1_y2_ap1_bp1_jap2_jbp0 completed=true confluent=true generators_to_ide\
ntity=true
RAW_BATCH_END
